Archive member included to satisfy reference by file (symbol)

c:/program files (x86)/atmel/studio/7.0/toolchain/arm/arm-gnu-toolchain/bin/../lib/gcc/arm-none-eabi/6.3.1/thumb/v7e-m\libgcc.a(_arm_addsubdf3.o)
                              src/main.o (__aeabi_i2d)
c:/program files (x86)/atmel/studio/7.0/toolchain/arm/arm-gnu-toolchain/bin/../lib/gcc/arm-none-eabi/6.3.1/thumb/v7e-m\libgcc.a(_arm_muldivdf3.o)
                              src/main.o (__aeabi_dmul)
c:/program files (x86)/atmel/studio/7.0/toolchain/arm/arm-gnu-toolchain/bin/../lib/gcc/arm-none-eabi/6.3.1/thumb/v7e-m\libgcc.a(_arm_fixdfsi.o)
                              src/main.o (__aeabi_d2iz)
c:/program files (x86)/atmel/studio/7.0/toolchain/arm/arm-gnu-toolchain/bin/../lib/gcc/arm-none-eabi/6.3.1/../../../../arm-none-eabi/lib/thumb/v7e-m\libc.a(lib_a-exit.o)
                              c:/program files (x86)/atmel/studio/7.0/toolchain/arm/arm-gnu-toolchain/bin/../lib/gcc/arm-none-eabi/6.3.1/../../../../arm-none-eabi/lib/thumb/v7e-m/crt0.o (exit)
c:/program files (x86)/atmel/studio/7.0/toolchain/arm/arm-gnu-toolchain/bin/../lib/gcc/arm-none-eabi/6.3.1/../../../../arm-none-eabi/lib/thumb/v7e-m\libc.a(lib_a-impure.o)
                              c:/program files (x86)/atmel/studio/7.0/toolchain/arm/arm-gnu-toolchain/bin/../lib/gcc/arm-none-eabi/6.3.1/../../../../arm-none-eabi/lib/thumb/v7e-m\libc.a(lib_a-exit.o) (_global_impure_ptr)
c:/program files (x86)/atmel/studio/7.0/toolchain/arm/arm-gnu-toolchain/bin/../lib/gcc/arm-none-eabi/6.3.1/../../../../arm-none-eabi/lib/thumb/v7e-m\libc.a(lib_a-init.o)
                              c:/program files (x86)/atmel/studio/7.0/toolchain/arm/arm-gnu-toolchain/bin/../lib/gcc/arm-none-eabi/6.3.1/../../../../arm-none-eabi/lib/thumb/v7e-m/crt0.o (__libc_init_array)
c:/program files (x86)/atmel/studio/7.0/toolchain/arm/arm-gnu-toolchain/bin/../lib/gcc/arm-none-eabi/6.3.1/../../../../arm-none-eabi/lib/thumb/v7e-m\libc.a(lib_a-memset.o)
                              c:/program files (x86)/atmel/studio/7.0/toolchain/arm/arm-gnu-toolchain/bin/../lib/gcc/arm-none-eabi/6.3.1/../../../../arm-none-eabi/lib/thumb/v7e-m/crt0.o (memset)
c:/program files (x86)/atmel/studio/7.0/toolchain/arm/arm-gnu-toolchain/bin/../lib/gcc/arm-none-eabi/6.3.1/../../../../arm-none-eabi/lib/thumb/v7e-m\libc.a(lib_a-sprintf.o)
                              src/main.o (sprintf)
c:/program files (x86)/atmel/studio/7.0/toolchain/arm/arm-gnu-toolchain/bin/../lib/gcc/arm-none-eabi/6.3.1/../../../../arm-none-eabi/lib/thumb/v7e-m\libc.a(lib_a-svfprintf.o)
                              c:/program files (x86)/atmel/studio/7.0/toolchain/arm/arm-gnu-toolchain/bin/../lib/gcc/arm-none-eabi/6.3.1/../../../../arm-none-eabi/lib/thumb/v7e-m\libc.a(lib_a-sprintf.o) (_svfprintf_r)
c:/program files (x86)/atmel/studio/7.0/toolchain/arm/arm-gnu-toolchain/bin/../lib/gcc/arm-none-eabi/6.3.1/../../../../arm-none-eabi/lib/thumb/v7e-m\libc.a(lib_a-__call_atexit.o)
                              c:/program files (x86)/atmel/studio/7.0/toolchain/arm/arm-gnu-toolchain/bin/../lib/gcc/arm-none-eabi/6.3.1/../../../../arm-none-eabi/lib/thumb/v7e-m\libc.a(lib_a-exit.o) (__call_exitprocs)
c:/program files (x86)/atmel/studio/7.0/toolchain/arm/arm-gnu-toolchain/bin/../lib/gcc/arm-none-eabi/6.3.1/../../../../arm-none-eabi/lib/thumb/v7e-m\libc.a(lib_a-atexit.o)
                              c:/program files (x86)/atmel/studio/7.0/toolchain/arm/arm-gnu-toolchain/bin/../lib/gcc/arm-none-eabi/6.3.1/../../../../arm-none-eabi/lib/thumb/v7e-m\libc.a(lib_a-__call_atexit.o) (atexit)
c:/program files (x86)/atmel/studio/7.0/toolchain/arm/arm-gnu-toolchain/bin/../lib/gcc/arm-none-eabi/6.3.1/../../../../arm-none-eabi/lib/thumb/v7e-m\libc.a(lib_a-dtoa.o)
                              c:/program files (x86)/atmel/studio/7.0/toolchain/arm/arm-gnu-toolchain/bin/../lib/gcc/arm-none-eabi/6.3.1/../../../../arm-none-eabi/lib/thumb/v7e-m\libc.a(lib_a-svfprintf.o) (_dtoa_r)
c:/program files (x86)/atmel/studio/7.0/toolchain/arm/arm-gnu-toolchain/bin/../lib/gcc/arm-none-eabi/6.3.1/../../../../arm-none-eabi/lib/thumb/v7e-m\libc.a(lib_a-fini.o)
                              c:/program files (x86)/atmel/studio/7.0/toolchain/arm/arm-gnu-toolchain/bin/../lib/gcc/arm-none-eabi/6.3.1/../../../../arm-none-eabi/lib/thumb/v7e-m\libc.a(lib_a-__call_atexit.o) (__libc_fini_array)
c:/program files (x86)/atmel/studio/7.0/toolchain/arm/arm-gnu-toolchain/bin/../lib/gcc/arm-none-eabi/6.3.1/../../../../arm-none-eabi/lib/thumb/v7e-m\libc.a(lib_a-localeconv.o)
                              c:/program files (x86)/atmel/studio/7.0/toolchain/arm/arm-gnu-toolchain/bin/../lib/gcc/arm-none-eabi/6.3.1/../../../../arm-none-eabi/lib/thumb/v7e-m\libc.a(lib_a-svfprintf.o) (_localeconv_r)
c:/program files (x86)/atmel/studio/7.0/toolchain/arm/arm-gnu-toolchain/bin/../lib/gcc/arm-none-eabi/6.3.1/../../../../arm-none-eabi/lib/thumb/v7e-m\libc.a(lib_a-lock.o)
[...]
Memory Configuration

Name             Origin             Length             Attributes
rom              0x00400000         0x00200000         xr
ram              0x20400000         0x00060000         xrw
*default*        0x00000000         0xffffffff

Linker script and memory map

LOAD c:/program files (x86)/atmel/studio/7.0/toolchain/arm/arm-gnu-toolchain/bin/../lib/gcc/arm-none-eabi/6.3.1/thumb/v7e-m/crti.o
LOAD c:/program files (x86)/atmel/studio/7.0/toolchain/arm/arm-gnu-toolchain/bin/../lib/gcc/arm-none-eabi/6.3.1/thumb/v7e-m/crtbegin.o
LOAD c:/program files (x86)/atmel/studio/7.0/toolchain/arm/arm-gnu-toolchain/bin/../lib/gcc/arm-none-eabi/6.3.1/../../../../arm-none-eabi/lib/thumb/v7e-m/crt0.o
LOAD src/ASF/sam/drivers/rtc/rtc.o
LOAD src/ASF/sam/drivers/rtt/rtt.o
LOAD src/ASF/sam/drivers/tc/tc.o
LOAD src/main.o
LOAD src/ASF/common/services/delay/sam/cycle_counter.o
LOAD src/ASF/common/services/spi/sam_spi/spi_master.o
LOAD src/ASF/sam/components/display/ili9488/ili9488.o
LOAD src/ASF/sam/drivers/spi/spi.o
LOAD src/ASF/common/services/clock/same70/sysclk.o
LOAD src/ASF/common/utils/interrupt/interrupt_sam_nvic.o
LOAD src/ASF/sam/boards/same70_xplained/init.o
LOAD src/ASF/sam/drivers/mpu/mpu.o
LOAD src/ASF/sam/drivers/pio/pio.o
LOAD src/ASF/sam/drivers/pio/pio_handler.o
LOAD src/ASF/sam/drivers/pmc/pmc.o
LOAD src/ASF/sam/drivers/pmc/sleep.o
LOAD src/ASF/sam/utils/cmsis/same70/source/templates/gcc/startup_same70.o
LOAD src/ASF/sam/utils/cmsis/same70/source/templates/system_same70.o
LOAD src/ASF/sam/utils/syscalls/gcc/syscalls.o
START GROUP
LOAD ../src/ASF/thirdparty/CMSIS/Lib/GCC\libarm_cortexM7lfsp_math_softfp.a
LOAD c:/program files (x86)/atmel/studio/7.0/toolchain/arm/arm-gnu-toolchain/bin/../lib/gcc/arm-none-eabi/6.3.1/../../../../arm-none-eabi/lib/thumb/v7e-m\libm.a
END GROUP
START GROUP
LOAD c:/program files (x86)/atmel/studio/7.0/toolchain/arm/arm-gnu-toolchain/bin/../lib/gcc/arm-none-eabi/6.3.1/thumb/v7e-m\libgcc.a
LOAD c:/program files (x86)/atmel/studio/7.0/toolchain/arm/arm-gnu-toolchain/bin/../lib/gcc/arm-none-eabi/6.3.1/../../../../arm-none-eabi/lib/thumb/v7e-m\libc.a
END GROUP
LOAD c:/program files (x86)/atmel/studio/7.0/toolchain/arm/arm-gnu-toolchain/bin/../lib/gcc/arm-none-eabi/6.3.1/thumb/v7e-m/crtend.o
LOAD c:/program files (x86)/atmel/studio/7.0/toolchain/arm/arm-gnu-toolchain/bin/../lib/gcc/arm-none-eabi/6.3.1/thumb/v7e-m/crtn.o
                0x00002000                STACK_SIZE = DEFINED (STACK_SIZE)?STACK_SIZE:0x2000
                0x2045fffc                __ram_end__ = ((ORIGIN (ram) + LENGTH (ram)) - 0x4)
                0x00000200                HEAP_SIZE = DEFINED (HEAP_SIZE)?HEAP_SIZE:0x200

.text           0x00400000     0x8f5c
                0x00400000                . = ALIGN (0x4)
                0x00400000                _sfixed = .
 *(.vectors .vectors.*)
 .vectors       0x00400000      0x168 src/ASF/sam/utils/cmsis/same70/source/templates/gcc/startup_same70.o
                0x00400000                exception_table
 *(.text .text.* .gnu.linkonce.t.*)
 .text          0x00400168       0x6c c:/program files (x86)/atmel/studio/7.0/toolchain/arm/arm-gnu-toolchain/bin/../lib/gcc/arm-none-eabi/6.3.1/thumb/v7e-m/crtbegin.o
 .text.rtc_set_hour_mode
                0x004001d4       0x36 src/ASF/sam/drivers/rtc/rtc.o
                0x004001d4                rtc_set_hour_mode
 .text.rtc_enable_interrupt
                0x0040020a       0x1c src/ASF/sam/drivers/rtc/rtc.o
                0x0040020a                rtc_enable_interrupt
 .text.rtc_get_time
                0x00400226       0xc4 src/ASF/sam/drivers/rtc/rtc.o
                0x00400226                rtc_get_time
 *fill*         0x004002ea        0x2 
 .text.rtc_set_time
                0x004002ec      0x108 src/ASF/sam/drivers/rtc/rtc.o
                0x004002ec                rtc_set_time
 .text.rtc_set_date
                0x004003f4      0x140 src/ASF/sam/drivers/rtc/rtc.o
                0x004003f4                rtc_set_date
 .text.rtt_init
                0x00400534       0x30 src/ASF/sam/drivers/rtt/rtt.o
                0x00400534                rtt_init
 .text.rtt_sel_source
                0x00400564       0x58 src/ASF/sam/drivers/rtt/rtt.o
                0x00400564                rtt_sel_source
 .text.rtt_enable_interrupt
                0x004005bc       0x38 src/ASF/sam/drivers/rtt/rtt.o
                0x004005bc                rtt_enable_interrupt
 .text.rtt_disable_interrupt
                0x004005f4       0x40 src/ASF/sam/drivers/rtt/rtt.o
                0x004005f4                rtt_disable_interrupt
 .text.rtt_read_timer_value
                0x00400634       0x2e src/ASF/sam/drivers/rtt/rtt.o
                0x00400634                rtt_read_timer_value
 .text.rtt_get_status
                0x00400662       0x18 src/ASF/sam/drivers/rtt/rtt.o
                0x00400662                rtt_get_status
 *fill*         0x0040067a        0x2 
 .text.rtt_write_alarm_time
                0x0040067c       0x5c src/ASF/sam/drivers/rtt/rtt.o
                0x0040067c                rtt_write_alarm_time
 .text.NVIC_EnableIRQ
                0x004006d8       0x34 src/main.o
 .text.NVIC_DisableIRQ
                0x0040070c       0x34 src/main.o
 .text.NVIC_ClearPendingIRQ
                0x00400740       0x34 src/main.o
 .text.NVIC_SetPriority
                0x00400774       0x54 src/main.o
 .text.sysclk_enable_peripheral_clock
                0x004007c8       0x1c src/main.o
 .text.ioport_init
                0x004007e4       0x2c src/main.o
 .text.wheel_callback
                0x00400810       0x18 src/main.o
                0x00400810                wheel_callback
 .text.but_m_freq_callback
                0x00400828       0x18 src/main.o
                0x00400828                but_m_freq_callback
 .text.but_stop_callback
                0x00400840       0x18 src/main.o
                0x00400840                but_stop_callback
 .text.init     0x00400858      0x138 src/main.o
                0x00400858                init
 .text.configure_lcd
                0x00400990       0x78 src/main.o
 .text.RTC_init
                0x00400a08       0x84 src/main.o
                0x00400a08                RTC_init
 .text.RTT_Handler
                0x00400a8c       0x34 src/main.o
                0x00400a8c                RTT_Handler
 .text.RTT_init
                0x00400ac0       0x98 src/main.o
 .text.calc_Vel
                0x00400b58       0x60 src/main.o
                0x00400b58                calc_Vel
 .text.calc_dist
                0x00400bb8       0x4c src/main.o
                0x00400bb8                calc_dist
 .text.clear_LCD
                0x00400c04       0x38 src/main.o
                0x00400c04                clear_LCD
 .text.main     0x00400c3c      0x20c src/main.o
                0x00400c3c                main
 .text.osc_get_rate
                0x00400e48       0x74 src/ASF/common/services/spi/sam_spi/spi_master.o
 .text.sysclk_get_main_hz
                0x00400ebc       0x20 src/ASF/common/services/spi/sam_spi/spi_master.o
 .text.sysclk_get_peripheral_hz
                0x00400edc       0x14 src/ASF/common/services/spi/sam_spi/spi_master.o
 .text.spi_reset
                0x00400ef0       0x1a src/ASF/common/services/spi/sam_spi/spi_master.o
 .text.spi_set_master_mode
                0x00400f0a       0x20 src/ASF/common/services/spi/sam_spi/spi_master.o
 .text.spi_set_fixed_peripheral_select
                0x00400f2a       0x20 src/ASF/common/services/spi/sam_spi/spi_master.o
 .text.spi_disable_peripheral_select_decode
                0x00400f4a       0x20 src/ASF/common/services/spi/sam_spi/spi_master.o
 .text.spi_get_peripheral_select_decode_setting
                0x00400f6a       0x26 src/ASF/common/services/spi/sam_spi/spi_master.o
 .text.spi_disable_mode_fault_detect
                0x00400f90       0x20 src/ASF/common/services/spi/sam_spi/spi_master.o
 .text.spi_disable_loopback
                0x00400fb0       0x20 src/ASF/common/services/spi/sam_spi/spi_master.o
 .text.spi_put  0x00400fd0       0x1e src/ASF/common/services/spi/sam_spi/spi_master.o
 .text.spi_get  0x00400fee       0x1a src/ASF/common/services/spi/sam_spi/spi_master.o
 .text.spi_is_tx_ready
                0x00401008       0x26 src/ASF/common/services/spi/sam_spi/spi_master.o
 .text.spi_is_rx_ready
                0x0040102e       0x2c src/ASF/common/services/spi/sam_spi/spi_master.o
 *fill*         0x0040105a        0x2 
 .text.spi_write_single
                0x0040105c       0x24 src/ASF/common/services/spi/sam_spi/spi_master.o
 .text.spi_read_single
                0x00401080       0x24 src/ASF/common/services/spi/sam_spi/spi_master.o
 .text.spi_master_init
                0x004010a4       0x70 src/ASF/common/services/spi/sam_spi/spi_master.o
                0x004010a4                spi_master_init
 .text.spi_master_setup_device
                0x00401114       0xb4 src/ASF/common/services/spi/sam_spi/spi_master.o
                0x00401114                spi_master_setup_device
 .text.spi_select_device
                0x004011c8       0x58 src/ASF/common/services/spi/sam_spi/spi_master.o
                0x004011c8                spi_select_device
 .text.spi_write_packet
                0x00401220       0x74 src/ASF/common/services/spi/sam_spi/spi_master.o
                0x00401220                spi_write_packet
 .text.spi_read_packet
                0x00401294       0xac src/ASF/common/services/spi/sam_spi/spi_master.o
                0x00401294                spi_read_packet
 .text.spi_enable
                0x00401340       0x1a src/ASF/sam/components/display/ili9488/ili9488.o
 .text.spi_enable_interrupt
                0x0040135a       0x1c src/ASF/sam/components/display/ili9488/ili9488.o
 *fill*         0x00401376        0x2 
 .text.ili9488_write_ram_prepare
                0x00401378       0x40 src/ASF/sam/components/display/ili9488/ili9488.o
 .text.ili9488_write_ram_buffer
                0x004013b8       0x40 src/ASF/sam/components/display/ili9488/ili9488.o
 .text.ili9488_write_register
                0x004013f8       0x78 src/ASF/sam/components/display/ili9488/ili9488.o
 .text.ili9488_read_chipid
                0x00401470       0xcc src/ASF/sam/components/display/ili9488/ili9488.o
 .text.ili9488_delay
                0x0040153c       0x40 src/ASF/sam/components/display/ili9488/ili9488.o
                0x0040153c                ili9488_delay
 .text.ili9488_check_box_coordinates
                0x0040157c       0xa2 src/ASF/sam/components/display/ili9488/ili9488.o
 *fill*         0x0040161e        0x2 
 .text.ili9488_set_display_direction
                0x00401620       0x34 src/ASF/sam/components/display/ili9488/ili9488.o
                0x00401620                ili9488_set_display_direction
 .text.ili9488_set_window
                0x00401654       0xc8 src/ASF/sam/components/display/ili9488/ili9488.o
                0x00401654                ili9488_set_window
 .text.ili9488_init
                0x0040171c      0x15c src/ASF/sam/components/display/ili9488/ili9488.o
                0x0040171c                ili9488_init
 .text.ili9488_display_on
                0x00401878       0x18 src/ASF/sam/components/display/ili9488/ili9488.o
                0x00401878                ili9488_display_on
 .text.ili9488_set_foreground_color
                0x00401890       0x54 src/ASF/sam/components/display/ili9488/ili9488.o
                0x00401890                ili9488_set_foreground_color
 .text.ili9488_set_cursor_position
                0x004018e4       0x84 src/ASF/sam/components/display/ili9488/ili9488.o
                0x004018e4                ili9488_set_cursor_position
 .text.ili9488_draw_pixel
                0x00401968       0x54 src/ASF/sam/components/display/ili9488/ili9488.o
                0x00401968                ili9488_draw_pixel
 .text.ili9488_draw_filled_rectangle
                0x004019bc       0xdc src/ASF/sam/components/display/ili9488/ili9488.o
                0x004019bc                ili9488_draw_filled_rectangle
 .text.ili9488_draw_char
                0x00401a98       0xd4 src/ASF/sam/components/display/ili9488/ili9488.o
 .text.ili9488_draw_string
                0x00401b6c       0x60 src/ASF/sam/components/display/ili9488/ili9488.o
                0x00401b6c                ili9488_draw_string
 .text.spi_get_peripheral_select_mode
                0x00401bcc       0x26 src/ASF/sam/drivers/spi/spi.o
 *fill*         0x00401bf2        0x2 
 .text.sysclk_enable_peripheral_clock
                0x00401bf4       0x1c src/ASF/sam/drivers/spi/spi.o
 .text.spi_enable_clock
                0x00401c10       0x3c src/ASF/sam/drivers/spi/spi.o
                0x00401c10                spi_enable_clock
 .text.spi_set_peripheral_chip_select_value
                0x00401c4c       0x34 src/ASF/sam/drivers/spi/spi.o
                0x00401c4c                spi_set_peripheral_chip_select_value
 .text.spi_set_delay_between_chip_select
                0x00401c80       0x30 src/ASF/sam/drivers/spi/spi.o
                0x00401c80                spi_set_delay_between_chip_select
 .text.spi_write
                0x00401cb0       0x80 src/ASF/sam/drivers/spi/spi.o
                0x00401cb0                spi_write
 .text.spi_set_clock_polarity
                0x00401d30       0x50 src/ASF/sam/drivers/spi/spi.o
                0x00401d30                spi_set_clock_polarity
 .text.spi_set_clock_phase
                0x00401d80       0x50 src/ASF/sam/drivers/spi/spi.o
                0x00401d80                spi_set_clock_phase
 .text.spi_configure_cs_behavior
                0x00401dd0       0xa6 src/ASF/sam/drivers/spi/spi.o
                0x00401dd0                spi_configure_cs_behavior
 .text.spi_set_bits_per_transfer
                0x00401e76       0x4a src/ASF/sam/drivers/spi/spi.o
                0x00401e76                spi_set_bits_per_transfer
 .text.spi_calc_baudrate_div
                0x00401ec0       0x3c src/ASF/sam/drivers/spi/spi.o
                0x00401ec0                spi_calc_baudrate_div
 .text.spi_set_baudrate_div
                0x00401efc       0x5e src/ASF/sam/drivers/spi/spi.o
                0x00401efc                spi_set_baudrate_div
 .text.spi_set_transfer_delay
                0x00401f5a       0x5e src/ASF/sam/drivers/spi/spi.o
                0x00401f5a                spi_set_transfer_delay
 .text.osc_enable
                0x00401fb8       0x88 src/ASF/common/services/clock/same70/sysclk.o
 .text.osc_is_ready
                0x00402040       0x70 src/ASF/common/services/clock/same70/sysclk.o
 .text.osc_get_rate
                0x004020b0       0x74 src/ASF/common/services/clock/same70/sysclk.o
 .text.osc_wait_ready
                0x00402124       0x2c src/ASF/common/services/clock/same70/sysclk.o
 .text.pll_config_init
                0x00402150       0x6c src/ASF/common/services/clock/same70/sysclk.o
 .text.pll_enable
                0x004021bc       0x40 src/ASF/common/services/clock/same70/sysclk.o
 .text.pll_is_locked
                0x004021fc       0x2c src/ASF/common/services/clock/same70/sysclk.o
 .text.pll_enable_source
                0x00402228       0x38 src/ASF/common/services/clock/same70/sysclk.o
 .text.pll_wait_for_lock
                0x00402260       0x24 src/ASF/common/services/clock/same70/sysclk.o
 .text.sysclk_get_main_hz
                0x00402284       0x20 src/ASF/common/services/clock/same70/sysclk.o
 .text.sysclk_get_cpu_hz
                0x004022a4       0x14 src/ASF/common/services/clock/same70/sysclk.o
 .text.sysclk_init
                0x004022b8       0x7c src/ASF/common/services/clock/same70/sysclk.o
                0x004022b8                sysclk_init
 .text.SCB_EnableICache
                0x00402334       0x38 src/ASF/sam/boards/same70_xplained/init.o
 .text.SCB_EnableDCache
                0x0040236c       0xa4 src/ASF/sam/boards/same70_xplained/init.o
 .text.sysclk_enable_peripheral_clock
                0x00402410       0x1c src/ASF/sam/boards/same70_xplained/init.o
 .text.ioport_init
                0x0040242c       0x2c src/ASF/sam/boards/same70_xplained/init.o
 .text.ioport_set_pin_mode
                0x00402458      0x11c src/ASF/sam/boards/same70_xplained/init.o
 .text.ioport_set_pin_dir
                0x00402574       0x88 src/ASF/sam/boards/same70_xplained/init.o
 .text.ioport_set_pin_level
                0x004025fc       0x6c src/ASF/sam/boards/same70_xplained/init.o
 .text.ioport_set_pin_sense_mode
                0x00402668       0xd0 src/ASF/sam/boards/same70_xplained/init.o
 .text.tcm_disable
                0x00402738       0x44 src/ASF/sam/boards/same70_xplained/init.o
 .text.board_init
                0x0040277c      0x188 src/ASF/sam/boards/same70_xplained/init.o
                0x0040277c                board_init
 .text.pio_pull_up
                0x00402904       0x2c src/ASF/sam/drivers/pio/pio.o
                0x00402904                pio_pull_up
 .text.pio_set  0x00402930       0x1c src/ASF/sam/drivers/pio/pio.o
                0x00402930                pio_set
 .text.pio_set_peripheral
                0x0040294c      0x110 src/ASF/sam/drivers/pio/pio.o
                0x0040294c                pio_set_peripheral
 .text.pio_set_input
                0x00402a5c       0x80 src/ASF/sam/drivers/pio/pio.o
                0x00402a5c                pio_set_input
 .text.pio_set_output
                0x00402adc       0x64 src/ASF/sam/drivers/pio/pio.o
                0x00402adc                pio_set_output
 .text.pio_configure
                0x00402b40       0xcc src/ASF/sam/drivers/pio/pio.o
                0x00402b40                pio_configure
 .text.pio_configure_interrupt
                0x00402c0c       0x6c src/ASF/sam/drivers/pio/pio.o
                0x00402c0c                pio_configure_interrupt
 .text.pio_enable_interrupt
                0x00402c78       0x1c src/ASF/sam/drivers/pio/pio.o
                0x00402c78                pio_enable_interrupt
 .text.pio_disable_interrupt
                0x00402c94       0x1c src/ASF/sam/drivers/pio/pio.o
                0x00402c94                pio_disable_interrupt
 .text.pio_get_interrupt_status
                0x00402cb0       0x18 src/ASF/sam/drivers/pio/pio.o
                0x00402cb0                pio_get_interrupt_status
 .text.pio_get_interrupt_mask
                0x00402cc8       0x18 src/ASF/sam/drivers/pio/pio.o
                0x00402cc8                pio_get_interrupt_mask
 .text.pio_set_pin_high
                0x00402ce0       0x30 src/ASF/sam/drivers/pio/pio.o
                0x00402ce0                pio_set_pin_high
 .text.pio_set_pin_low
                0x00402d10       0x30 src/ASF/sam/drivers/pio/pio.o
                0x00402d10                pio_set_pin_low
 .text.pio_configure_pin
                0x00402d40      0x1b0 src/ASF/sam/drivers/pio/pio.o
                0x00402d40                pio_configure_pin
 .text.pio_get_pin_group
                0x00402ef0       0x28 src/ASF/sam/drivers/pio/pio.o
                0x00402ef0                pio_get_pin_group
 .text.pio_handler_process
                0x00402f18       0xb4 src/ASF/sam/drivers/pio/pio_handler.o
                0x00402f18                pio_handler_process
 .text.pio_handler_set
                0x00402fcc       0xa0 src/ASF/sam/drivers/pio/pio_handler.o
                0x00402fcc                pio_handler_set
 .text.PIOA_Handler
                0x0040306c       0x18 src/ASF/sam/drivers/pio/pio_handler.o
                0x0040306c                PIOA_Handler
 .text.PIOB_Handler
                0x00403084       0x18 src/ASF/sam/drivers/pio/pio_handler.o
                0x00403084                PIOB_Handler
 .text.PIOC_Handler
                0x0040309c       0x18 src/ASF/sam/drivers/pio/pio_handler.o
                0x0040309c                PIOC_Handler
 .text.PIOD_Handler
                0x004030b4       0x18 src/ASF/sam/drivers/pio/pio_handler.o
                0x004030b4                PIOD_Handler
 .text.PIOE_Handler
                0x004030cc       0x18 src/ASF/sam/drivers/pio/pio_handler.o
                0x004030cc                PIOE_Handler
 .text.pmc_mck_set_division
                0x004030e4       0x7c src/ASF/sam/drivers/pmc/pmc.o
                0x004030e4                pmc_mck_set_division
 .text.pmc_switch_mck_to_pllack
                0x00403160       0x84 src/ASF/sam/drivers/pmc/pmc.o
                0x00403160                pmc_switch_mck_to_pllack
 .text.pmc_switch_sclk_to_32kxtal
                0x004031e4       0x38 src/ASF/sam/drivers/pmc/pmc.o
                0x004031e4                pmc_switch_sclk_to_32kxtal
 .text.pmc_osc_is_ready_32kxtal
                0x0040321c       0x34 src/ASF/sam/drivers/pmc/pmc.o
                0x0040321c                pmc_osc_is_ready_32kxtal
 .text.pmc_switch_mainck_to_fastrc
                0x00403250       0x70 src/ASF/sam/drivers/pmc/pmc.o
                0x00403250                pmc_switch_mainck_to_fastrc
 .text.pmc_switch_mainck_to_xtal
                0x004032c0       0x78 src/ASF/sam/drivers/pmc/pmc.o
                0x004032c0                pmc_switch_mainck_to_xtal
 .text.pmc_osc_is_ready_mainck
                0x00403338       0x1c src/ASF/sam/drivers/pmc/pmc.o
                0x00403338                pmc_osc_is_ready_mainck
 .text.pmc_disable_pllack
                0x00403354       0x1c src/ASF/sam/drivers/pmc/pmc.o
                0x00403354                pmc_disable_pllack
 .text.pmc_is_locked_pllack
                0x00403370       0x1c src/ASF/sam/drivers/pmc/pmc.o
                0x00403370                pmc_is_locked_pllack
 .text.pmc_is_locked_upll
                0x0040338c       0x1c src/ASF/sam/drivers/pmc/pmc.o
                0x0040338c                pmc_is_locked_upll
 .text.pmc_enable_periph_clk
                0x004033a8       0x3c src/ASF/sam/drivers/pmc/pmc.o
                0x004033a8                pmc_enable_periph_clk
 .text.pmc_set_flash_in_wait_mode
                0x004033e4       0x20 src/ASF/sam/drivers/pmc/pmc.o
                0x004033e4                pmc_set_flash_in_wait_mode
 .text.pmc_enable_waitmode
                0x00403404       0x90 src/ASF/sam/drivers/pmc/pmc.o
                0x00403404                pmc_enable_waitmode
 .text.pmc_sleep
                0x00403494      0x398 src/ASF/sam/drivers/pmc/sleep.o
                0x00403494                pmc_sleep
 .text.cpu_irq_save
                0x0040382c       0x38 src/ASF/sam/utils/cmsis/same70/source/templates/gcc/startup_same70.o
 .text.cpu_irq_is_enabled_flags
                0x00403864       0x20 src/ASF/sam/utils/cmsis/same70/source/templates/gcc/startup_same70.o
 .text.cpu_irq_restore
                0x00403884       0x30 src/ASF/sam/utils/cmsis/same70/source/templates/gcc/startup_same70.o
 .text.Reset_Handler
                0x004038b4       0xb0 src/ASF/sam/utils/cmsis/same70/source/templates/gcc/startup_same70.o
                0x004038b4                Reset_Handler
 .text.Dummy_Handler
                0x00403964        0x6 src/ASF/sam/utils/cmsis/same70/source/templates/gcc/startup_same70.o
                0x00403964                DACC_Handler
                0x00403964                DebugMon_Handler
                0x00403964                UART3_Handler
                0x00403964                UART2_Handler
                0x00403964                TRNG_Handler
                0x00403964                HardFault_Handler
                0x00403964                TC2_Handler
                0x00403964                SysTick_Handler
                0x00403964                AFEC1_Handler
                0x00403964                PendSV_Handler
                0x00403964                NMI_Handler
                0x00403964                TC7_Handler
                0x00403964                QSPI_Handler
                0x00403964                ISI_Handler
                0x00403964                MCAN0_INT0_Handler
                0x00403964                TC9_Handler
                0x00403964                RSWDT_Handler
                0x00403964                USART0_Handler
                0x00403964                USBHS_Handler
                0x00403964                IXC_Handler
                0x00403964                CCF_Handler
                0x00403964                RTC_Handler
                0x00403964                UsageFault_Handler
                0x00403964                TC6_Handler
                0x00403964                WDT_Handler
                0x00403964                MCAN1_INT1_Handler
                0x00403964                TC4_Handler
                0x00403964                TC1_Handler
                0x00403964                HSMCI_Handler
                0x00403964                UART1_Handler
                0x00403964                TC3_Handler
                0x00403964                Dummy_Handler
                0x00403964                TWIHS1_Handler
                0x00403964                XDMAC_Handler
                0x00403964                UART4_Handler
                0x00403964                PWM1_Handler
                0x00403964                USART1_Handler
                0x00403964                PWM0_Handler
                0x00403964                AFEC0_Handler
                0x00403964                CCW_Handler
                0x00403964                TC11_Handler
                0x00403964                SSC_Handler
                0x00403964                ACC_Handler
                0x00403964                PMC_Handler
                0x00403964                GMAC_Handler
                0x00403964                MCAN0_INT1_Handler
                0x00403964                GMAC_Q5_Handler
                0x00403964                MemManage_Handler
                0x00403964                SUPC_Handler
                0x00403964                SVC_Handler
                0x00403964                TC8_Handler
                0x00403964                MCAN1_INT0_Handler
                0x00403964                EFC_Handler
                0x00403964                GMAC_Q1_Handler
                0x00403964                USART2_Handler
                0x00403964                SDRAMC_Handler
                0x00403964                GMAC_Q2_Handler
                0x00403964                SPI1_Handler
                0x00403964                TC10_Handler
                0x00403964                GMAC_Q3_Handler
                0x00403964                TWIHS2_Handler
                0x00403964                I2SC0_Handler
                0x00403964                UART0_Handler
                0x00403964                I2SC1_Handler
                0x00403964                GMAC_Q4_Handler
                0x00403964                FPU_Handler
                0x00403964                BusFault_Handler
                0x00403964                RSTC_Handler
                0x00403964                TC0_Handler
                0x00403964                TC5_Handler
                0x00403964                AES_Handler
                0x00403964                ICM_Handler
                0x00403964                TWIHS0_Handler
                0x00403964                SPI0_Handler
 *fill*         0x0040396a        0x2 
 .text.SystemCoreClockUpdate
                0x0040396c      0x168 src/ASF/sam/utils/cmsis/same70/source/templates/system_same70.o
                0x0040396c                SystemCoreClockUpdate
 .text.system_init_flash
                0x00403ad4       0xb0 src/ASF/sam/utils/cmsis/same70/source/templates/system_same70.o
                0x00403ad4                system_init_flash
 .text._sbrk    0x00403b84       0x58 src/ASF/sam/utils/syscalls/gcc/syscalls.o
                0x00403b84                _sbrk
 .text          0x00403bdc      0x370 c:/program files (x86)/atmel/studio/7.0/toolchain/arm/arm-gnu-toolchain/bin/../lib/gcc/arm-none-eabi/6.3.1/thumb/v7e-m\libgcc.a(_arm_addsubdf3.o)
                0x00403bdc                __aeabi_drsub
                0x00403be4                __aeabi_dsub
                0x00403be4                __subdf3
                0x00403be8                __aeabi_dadd
                0x00403be8                __adddf3
                0x00403e60                __floatunsidf
                0x00403e60                __aeabi_ui2d
                0x00403e80                __floatsidf
                0x00403e80                __aeabi_i2d
                0x00403ea4                __aeabi_f2d
                0x00403ea4                __extendsfdf2
                0x00403ee0                __floatundidf
                0x00403ee0                __aeabi_ul2d
                0x00403ef0                __floatdidf
                0x00403ef0                __aeabi_l2d
 .text          0x00403f4c      0x424 c:/program files (x86)/atmel/studio/7.0/toolchain/arm/arm-gnu-toolchain/bin/../lib/gcc/arm-none-eabi/6.3.1/thumb/v7e-m\libgcc.a(_arm_muldivdf3.o)
                0x00403f4c                __aeabi_dmul
                0x00403f4c                __muldf3
                0x004041a0                __divdf3
                0x004041a0                __aeabi_ddiv
 .text          0x00404370       0x50 c:/program files (x86)/atmel/studio/7.0/toolchain/arm/arm-gnu-toolchain/bin/../lib/gcc/arm-none-eabi/6.3.1/thumb/v7e-m\libgcc.a(_arm_fixdfsi.o)
                0x00404370                __aeabi_d2iz
                0x00404370                __fixdfsi
 .text.__libc_init_array
                0x004043c0       0x50 c:/program files (x86)/atmel/studio/7.0/toolchain/arm/arm-gnu-toolchain/bin/../lib/gcc/arm-none-eabi/6.3.1/../../../../arm-none-eabi/lib/thumb/v7e-m\libc.a(lib_a-init.o)
                0x004043c0                __libc_init_array
 .text.memset   0x00404410       0x9c c:/program files (x86)/atmel/studio/7.0/toolchain/arm/arm-gnu-toolchain/bin/../lib/gcc/arm-none-eabi/6.3.1/../../../../arm-none-eabi/lib/thumb/v7e-m\libc.a(lib_a-memset.o)
                0x00404410                memset
 .text.sprintf  0x004044ac       0x4c c:/program files (x86)/atmel/studio/7.0/toolchain/arm/arm-gnu-toolchain/bin/../lib/gcc/arm-none-eabi/6.3.1/../../../../arm-none-eabi/lib/thumb/v7e-m\libc.a(lib_a-sprintf.o)
                0x004044ac                sprintf
 .text._svfprintf_r
                0x004044f8     0x145c c:/program files (x86)/atmel/studio/7.0/toolchain/arm/arm-gnu-toolchain/bin/../lib/gcc/arm-none-eabi/6.3.1/../../../../arm-none-eabi/lib/thumb/v7e-m\libc.a(lib_a-svfprintf.o)
                0x004044f8                _svfprintf_r
 .text.startup.register_fini
                0x00405954       0x14 c:/program files (x86)/atmel/studio/7.0/toolchain/arm/arm-gnu-toolchain/bin/../lib/gcc/arm-none-eabi/6.3.1/../../../../arm-none-eabi/lib/thumb/v7e-m\libc.a(lib_a-__call_atexit.o)
 .text.atexit   0x00405968        0xc c:/program files (x86)/atmel/studio/7.0/toolchain/arm/arm-gnu-toolchain/bin/../lib/gcc/arm-none-eabi/6.3.1/../../../../arm-none-eabi/lib/thumb/v7e-m\libc.a(lib_a-atexit.o)
                0x00405968                atexit
 .text.quorem   0x00405974      0x128 c:/program files (x86)/atmel/studio/7.0/toolchain/arm/arm-gnu-toolchain/bin/../lib/gcc/arm-none-eabi/6.3.1/../../../../arm-none-eabi/lib/thumb/v7e-m\libc.a(lib_a-dtoa.o)
 *fill*         0x00405a9c        0x4 
 .text._dtoa_r  0x00405aa0      0xe54 c:/program files (x86)/atmel/studio/7.0/toolchain/arm/arm-gnu-toolchain/bin/../lib/gcc/arm-none-eabi/6.3.1/../../../../arm-none-eabi/lib/thumb/v7e-m\libc.a(lib_a-dtoa.o)
                0x00405aa0                _dtoa_r
 .text.__libc_fini_array
                0x004068f4       0x34 c:/program files (x86)/atmel/studio/7.0/toolchain/arm/arm-gnu-toolchain/bin/../lib/gcc/arm-none-eabi/6.3.1/../../../../arm-none-eabi/lib/thumb/v7e-m\libc.a(lib_a-fini.o)
                0x004068f4                __libc_fini_array
 .text._localeconv_r
                0x00406928       0x1c c:/program files (x86)/atmel/studio/7.0/toolchain/arm/arm-gnu-toolchain/bin/../lib/gcc/arm-none-eabi/6.3.1/../../../../arm-none-eabi/lib/thumb/v7e-m\libc.a(lib_a-localeconv.o)
                0x00406928                _localeconv_r
 .text.__retarget_lock_acquire_recursive
                0x00406944        0x4 c:/program files (x86)/atmel/studio/7.0/toolchain/arm/arm-gnu-toolchain/bin/../lib/gcc/arm-none-eabi/6.3.1/../../../../arm-none-eabi/lib/thumb/v7e-m\libc.a(lib_a-lock.o)
                0x00406944                __retarget_lock_acquire_recursive
 .text.__retarget_lock_release_recursive
                0x00406948        0x4 c:/program files (x86)/atmel/studio/7.0/toolchain/arm/arm-gnu-toolchain/bin/../lib/gcc/arm-none-eabi/6.3.1/../../../../arm-none-eabi/lib/thumb/v7e-m\libc.a(lib_a-lock.o)
                0x00406948                __retarget_lock_release_recursive
 .text._malloc_r
                0x0040694c      0x560 c:/program files (x86)/atmel/studio/7.0/toolchain/arm/arm-gnu-toolchain/bin/../lib/gcc/arm-none-eabi/6.3.1/../../../../arm-none-eabi/lib/thumb/v7e-m\libc.a(lib_a-mallocr.o)
                0x0040694c                _malloc_r
 *fill*         0x00406eac        0x4 
 .text          0x00406eb0       0xa0 c:/program files (x86)/atmel/studio/7.0/toolchain/arm/arm-gnu-toolchain/bin/../lib/gcc/arm-none-eabi/6.3.1/../../../../arm-none-eabi/lib/thumb/v7e-m\libc.a(lib_a-memchr.o)
                0x00406eb0                memchr
 .text          0x00406f50      0x134 c:/program files (x86)/atmel/studio/7.0/toolchain/arm/arm-gnu-toolchain/bin/../lib/gcc/arm-none-eabi/6.3.1/../../../../arm-none-eabi/lib/thumb/v7e-m\libc.a(lib_a-memcpy.o)
                0x00406f50                memcpy
 .text.__malloc_lock
                0x00407084        0xc c:/program files (x86)/atmel/studio/7.0/toolchain/arm/arm-gnu-toolchain/bin/../lib/gcc/arm-none-eabi/6.3.1/../../../../arm-none-eabi/lib/thumb/v7e-m\libc.a(lib_a-mlock.o)
                0x00407084                __malloc_lock
 .text.__malloc_unlock
                0x00407090        0xc c:/program files (x86)/atmel/studio/7.0/toolchain/arm/arm-gnu-toolchain/bin/../lib/gcc/arm-none-eabi/6.3.1/../../../../arm-none-eabi/lib/thumb/v7e-m\libc.a(lib_a-mlock.o)
                0x00407090                __malloc_unlock
 .text._Balloc  0x0040709c       0x4c c:/program files (x86)/atmel/studio/7.0/toolchain/arm/arm-gnu-toolchain/bin/../lib/gcc/arm-none-eabi/6.3.1/../../../../arm-none-eabi/lib/thumb/v7e-m\libc.a(lib_a-mprec.o)
                0x0040709c                _Balloc
 .text._Bfree   0x004070e8       0x14 c:/program files (x86)/atmel/studio/7.0/toolchain/arm/arm-gnu-toolchain/bin/../lib/gcc/arm-none-eabi/6.3.1/../../../../arm-none-eabi/lib/thumb/v7e-m\libc.a(lib_a-mprec.o)
                0x004070e8                _Bfree
 .text.__multadd
                0x004070fc       0x80 c:/program files (x86)/atmel/studio/7.0/toolchain/arm/arm-gnu-toolchain/bin/../lib/gcc/arm-none-eabi/6.3.1/../../../../arm-none-eabi/lib/thumb/v7e-m\libc.a(lib_a-mprec.o)
                0x004070fc                __multadd
 .text.__hi0bits
                0x0040717c       0x40 c:/program files (x86)/atmel/studio/7.0/toolchain/arm/arm-gnu-toolchain/bin/../lib/gcc/arm-none-eabi/6.3.1/../../../../arm-none-eabi/lib/thumb/v7e-m\libc.a(lib_a-mprec.o)
                0x0040717c                __hi0bits
 .text.__lo0bits
                0x004071bc       0x60 c:/program files (x86)/atmel/studio/7.0/toolchain/arm/arm-gnu-toolchain/bin/../lib/gcc/arm-none-eabi/6.3.1/../../../../arm-none-eabi/lib/thumb/v7e-m\libc.a(lib_a-mprec.o)
                0x004071bc                __lo0bits
 .text.__i2b    0x0040721c       0x14 c:/program files (x86)/atmel/studio/7.0/toolchain/arm/arm-gnu-toolchain/bin/../lib/gcc/arm-none-eabi/6.3.1/../../../../arm-none-eabi/lib/thumb/v7e-m\libc.a(lib_a-mprec.o)
                0x0040721c                __i2b
 .text.__multiply
                0x00407230      0x124 c:/program files (x86)/atmel/studio/7.0/toolchain/arm/arm-gnu-toolchain/bin/../lib/gcc/arm-none-eabi/6.3.1/../../../../arm-none-eabi/lib/thumb/v7e-m\libc.a(lib_a-mprec.o)
                0x00407230                __multiply
 .text.__pow5mult
                0x00407354       0xa0 c:/program files (x86)/atmel/studio/7.0/toolchain/arm/arm-gnu-toolchain/bin/../lib/gcc/arm-none-eabi/6.3.1/../../../../arm-none-eabi/lib/thumb/v7e-m\libc.a(lib_a-mprec.o)
                0x00407354                __pow5mult
 .text.__lshift
                0x004073f4       0xa4 c:/program files (x86)/atmel/studio/7.0/toolchain/arm/arm-gnu-toolchain/bin/../lib/gcc/arm-none-eabi/6.3.1/../../../../arm-none-eabi/lib/thumb/v7e-m\libc.a(lib_a-mprec.o)
                0x004073f4                __lshift
 .text.__mcmp   0x00407498       0x38 c:/program files (x86)/atmel/studio/7.0/toolchain/arm/arm-gnu-toolchain/bin/../lib/gcc/arm-none-eabi/6.3.1/../../../../arm-none-eabi/lib/thumb/v7e-m\libc.a(lib_a-mprec.o)
                0x00407498                __mcmp
 .text.__mdiff  0x004074d0      0x108 c:/program files (x86)/atmel/studio/7.0/toolchain/arm/arm-gnu-toolchain/bin/../lib/gcc/arm-none-eabi/6.3.1/../../../../arm-none-eabi/lib/thumb/v7e-m\libc.a(lib_a-mprec.o)
                0x004074d0                __mdiff
 .text.__d2b    0x004075d8       0xb8 c:/program files (x86)/atmel/studio/7.0/toolchain/arm/arm-gnu-toolchain/bin/../lib/gcc/arm-none-eabi/6.3.1/../../../../arm-none-eabi/lib/thumb/v7e-m\libc.a(lib_a-mprec.o)
                0x004075d8                __d2b
 .text._sbrk_r  0x00407690       0x24 c:/program files (x86)/atmel/studio/7.0/toolchain/arm/arm-gnu-toolchain/bin/../lib/gcc/arm-none-eabi/6.3.1/../../../../arm-none-eabi/lib/thumb/v7e-m\libc.a(lib_a-sbrkr.o)
                0x00407690                _sbrk_r
 *fill*         0x004076b4        0xc 
 .text          0x004076c0       0xdc c:/program files (x86)/atmel/studio/7.0/toolchain/arm/arm-gnu-toolchain/bin/../lib/gcc/arm-none-eabi/6.3.1/../../../../arm-none-eabi/lib/thumb/v7e-m\libc.a(lib_a-strlen.o)
                0x004076c0                strlen
 .text.__ssprint_r
                0x0040779c       0xfc c:/program files (x86)/atmel/studio/7.0/toolchain/arm/arm-gnu-toolchain/bin/../lib/gcc/arm-none-eabi/6.3.1/../../../../arm-none-eabi/lib/thumb/v7e-m\libc.a(lib_a-svfiprintf.o)
                0x0040779c                __ssprint_r
 .text.__register_exitproc
                0x00407898       0xc4 c:/program files (x86)/atmel/studio/7.0/toolchain/arm/arm-gnu-toolchain/bin/../lib/gcc/arm-none-eabi/6.3.1/../../../../arm-none-eabi/lib/thumb/v7e-m\libc.a(lib_a-__atexit.o)
                0x00407898                __register_exitproc
 .text._calloc_r
                0x0040795c       0x60 c:/program files (x86)/atmel/studio/7.0/toolchain/arm/arm-gnu-toolchain/bin/../lib/gcc/arm-none-eabi/6.3.1/../../../../arm-none-eabi/lib/thumb/v7e-m\libc.a(lib_a-callocr.o)
                0x0040795c                _calloc_r
 .text._malloc_trim_r
                0x004079bc       0xa0 c:/program files (x86)/atmel/studio/7.0/toolchain/arm/arm-gnu-toolchain/bin/../lib/gcc/arm-none-eabi/6.3.1/../../../../arm-none-eabi/lib/thumb/v7e-m\libc.a(lib_a-freer.o)
                0x004079bc                _malloc_trim_r
 .text._free_r  0x00407a5c      0x1cc c:/program files (x86)/atmel/studio/7.0/toolchain/arm/arm-gnu-toolchain/bin/../lib/gcc/arm-none-eabi/6.3.1/../../../../arm-none-eabi/lib/thumb/v7e-m\libc.a(lib_a-freer.o)
                0x00407a5c                _free_r
 .text.__ascii_mbtowc
                0x00407c28       0x2c c:/program files (x86)/atmel/studio/7.0/toolchain/arm/arm-gnu-toolchain/bin/../lib/gcc/arm-none-eabi/6.3.1/../../../../arm-none-eabi/lib/thumb/v7e-m\libc.a(lib_a-mbtowc_r.o)
                0x00407c28                __ascii_mbtowc
 .text.memmove  0x00407c54       0xc8 c:/program files (x86)/atmel/studio/7.0/toolchain/arm/arm-gnu-toolchain/bin/../lib/gcc/arm-none-eabi/6.3.1/../../../../arm-none-eabi/lib/thumb/v7e-m\libc.a(lib_a-memmove.o)
                0x00407c54                memmove
 .text._realloc_r
                0x00407d1c      0x34c c:/program files (x86)/atmel/studio/7.0/toolchain/arm/arm-gnu-toolchain/bin/../lib/gcc/arm-none-eabi/6.3.1/../../../../arm-none-eabi/lib/thumb/v7e-m\libc.a(lib_a-reallocr.o)
                0x00407d1c                _realloc_r
 .text.__ascii_wctomb
                0x00408068       0x1c c:/program files (x86)/atmel/studio/7.0/toolchain/arm/arm-gnu-toolchain/bin/../lib/gcc/arm-none-eabi/6.3.1/../../../../arm-none-eabi/lib/thumb/v7e-m\libc.a(lib_a-wctomb_r.o)
                0x00408068                __ascii_wctomb
 .text          0x00408084      0x110 c:/program files (x86)/atmel/studio/7.0/toolchain/arm/arm-gnu-toolchain/bin/../lib/gcc/arm-none-eabi/6.3.1/thumb/v7e-m\libgcc.a(_arm_cmpdf2.o)
                0x00408084                __gtdf2
                0x00408084                __gedf2
                0x0040808c                __ltdf2
                0x0040808c                __ledf2
                0x00408094                __nedf2
                0x00408094                __eqdf2
                0x00408094                __cmpdf2
                0x00408110                __aeabi_cdrcmple
                0x00408120                __aeabi_cdcmpeq
                0x00408120                __aeabi_cdcmple
                0x00408130                __aeabi_dcmpeq
                0x00408144                __aeabi_dcmplt
                0x00408158                __aeabi_dcmple
                0x0040816c                __aeabi_dcmpge
                0x00408180                __aeabi_dcmpgt
 .text          0x00408194       0x2c c:/program files (x86)/atmel/studio/7.0/toolchain/arm/arm-gnu-toolchain/bin/../lib/gcc/arm-none-eabi/6.3.1/thumb/v7e-m\libgcc.a(_arm_unorddf2.o)
                0x00408194                __unorddf2
                0x00408194                __aeabi_dcmpun
 .text          0x004081c0       0x30 c:/program files (x86)/atmel/studio/7.0/toolchain/arm/arm-gnu-toolchain/bin/../lib/gcc/arm-none-eabi/6.3.1/thumb/v7e-m\libgcc.a(_aeabi_uldivmod.o)
                0x004081c0                __aeabi_uldivmod
 .text          0x004081f0      0x2dc c:/program files (x86)/atmel/studio/7.0/toolchain/arm/arm-gnu-toolchain/bin/../lib/gcc/arm-none-eabi/6.3.1/thumb/v7e-m\libgcc.a(_udivmoddi4.o)
                0x004081f0                __udivmoddi4
 .text          0x004084cc        0x4 c:/program files (x86)/atmel/studio/7.0/toolchain/arm/arm-gnu-toolchain/bin/../lib/gcc/arm-none-eabi/6.3.1/thumb/v7e-m\libgcc.a(_dvmd_tls.o)
                0x004084cc                __aeabi_idiv0
                0x004084cc                __aeabi_ldiv0
 *(.glue_7t)
 .glue_7t       0x004084d0        0x0 linker stubs
 *(.glue_7)
 .glue_7        0x004084d0        0x0 linker stubs
 *(.rodata .rodata* .gnu.linkonce.r.*)
 .rodata        0x004084d0       0x5c src/main.o
 .rodata.p_uc_charset10x14
                0x0040852c      0x780 src/ASF/sam/components/display/ili9488/ili9488.o
                0x0040852c                p_uc_charset10x14
 .rodata._global_impure_ptr
                0x00408cac        0x4 c:/program files (x86)/atmel/studio/7.0/toolchain/arm/arm-gnu-toolchain/bin/../lib/gcc/arm-none-eabi/6.3.1/../../../../arm-none-eabi/lib/thumb/v7e-m\libc.a(lib_a-impure.o)
                0x00408cac                _global_impure_ptr
 .rodata._svfprintf_r.str1.4
                0x00408cb0       0x42 c:/program files (x86)/atmel/studio/7.0/toolchain/arm/arm-gnu-toolchain/bin/../lib/gcc/arm-none-eabi/6.3.1/../../../../arm-none-eabi/lib/thumb/v7e-m\libc.a(lib_a-svfprintf.o)
 *fill*         0x00408cf2        0x2 
 .rodata.blanks.7223
                0x00408cf4       0x10 c:/program files (x86)/atmel/studio/7.0/toolchain/arm/arm-gnu-toolchain/bin/../lib/gcc/arm-none-eabi/6.3.1/../../../../arm-none-eabi/lib/thumb/v7e-m\libc.a(lib_a-svfprintf.o)
 .rodata.zeroes.7224
                0x00408d04       0x10 c:/program files (x86)/atmel/studio/7.0/toolchain/arm/arm-gnu-toolchain/bin/../lib/gcc/arm-none-eabi/6.3.1/../../../../arm-none-eabi/lib/thumb/v7e-m\libc.a(lib_a-svfprintf.o)
 .rodata._dtoa_r.str1.4
                0x00408d14       0x10 c:/program files (x86)/atmel/studio/7.0/toolchain/arm/arm-gnu-toolchain/bin/../lib/gcc/arm-none-eabi/6.3.1/../../../../arm-none-eabi/lib/thumb/v7e-m\libc.a(lib_a-dtoa.o)
                                 0x12 (size before relaxing)
 *fill*         0x00408d24        0x4 
 .rodata.__mprec_bigtens
                0x00408d28       0x28 c:/program files (x86)/atmel/studio/7.0/toolchain/arm/arm-gnu-toolchain/bin/../lib/gcc/arm-none-eabi/6.3.1/../../../../arm-none-eabi/lib/thumb/v7e-m\libc.a(lib_a-mprec.o)
                0x00408d28                __mprec_bigtens
 .rodata.__mprec_tens
                0x00408d50       0xc8 c:/program files (x86)/atmel/studio/7.0/toolchain/arm/arm-gnu-toolchain/bin/../lib/gcc/arm-none-eabi/6.3.1/../../../../arm-none-eabi/lib/thumb/v7e-m\libc.a(lib_a-mprec.o)
                0x00408d50                __mprec_tens
 .rodata.p05.6055
                0x00408e18        0xc c:/program files (x86)/atmel/studio/7.0/toolchain/arm/arm-gnu-toolchain/bin/../lib/gcc/arm-none-eabi/6.3.1/../../../../arm-none-eabi/lib/thumb/v7e-m\libc.a(lib_a-mprec.o)
 .rodata._setlocale_r.str1.4
                0x00408e24        0xa c:/program files (x86)/atmel/studio/7.0/toolchain/arm/arm-gnu-toolchain/bin/../lib/gcc/arm-none-eabi/6.3.1/../../../../arm-none-eabi/lib/thumb/v7e-m\libc.a(lib_a-locale.o)
                                  0xd (size before relaxing)
 *fill*         0x00408e2e        0x2 
 .rodata.str1.4
                0x00408e30        0x4 c:/program files (x86)/atmel/studio/7.0/toolchain/arm/arm-gnu-toolchain/bin/../lib/gcc/arm-none-eabi/6.3.1/../../../../arm-none-eabi/lib/thumb/v7e-m\libc.a(lib_a-locale.o)
                                  0x2 (size before relaxing)
 .rodata._ctype_
                0x00408e34      0x101 c:/program files (x86)/atmel/studio/7.0/toolchain/arm/arm-gnu-toolchain/bin/../lib/gcc/arm-none-eabi/6.3.1/../../../../arm-none-eabi/lib/thumb/v7e-m\libc.a(lib_a-ctype_.o)
                0x00408e34                _ctype_
 *(.ARM.extab* .gnu.linkonce.armextab.*)
                0x00408f38                . = ALIGN (0x4)
 *fill*         0x00408f35        0x3 
 *(.init)
 .init          0x00408f38        0x4 c:/program files (x86)/atmel/studio/7.0/toolchain/arm/arm-gnu-toolchain/bin/../lib/gcc/arm-none-eabi/6.3.1/thumb/v7e-m/crti.o
                0x00408f38                _init
 .init          0x00408f3c        0x8 c:/program files (x86)/atmel/studio/7.0/toolchain/arm/arm-gnu-toolchain/bin/../lib/gcc/arm-none-eabi/6.3.1/thumb/v7e-m/crtn.o
                0x00408f44                . = ALIGN (0x4)
                0x00408f44                __preinit_array_start = .
 *(.preinit_array)
                0x00408f44                __preinit_array_end = .
                0x00408f44                . = ALIGN (0x4)
                0x00408f44                __init_array_start = .
 *(SORT(.init_array.*))
 .init_array.00000
                0x00408f44        0x4 c:/program files (x86)/atmel/studio/7.0/toolchain/arm/arm-gnu-toolchain/bin/../lib/gcc/arm-none-eabi/6.3.1/../../../../arm-none-eabi/lib/thumb/v7e-m\libc.a(lib_a-__call_atexit.o)
 *(.init_array)
 .init_array    0x00408f48        0x4 c:/program files (x86)/atmel/studio/7.0/toolchain/arm/arm-gnu-toolchain/bin/../lib/gcc/arm-none-eabi/6.3.1/thumb/v7e-m/crtbegin.o
                0x00408f4c                __init_array_end = .
                0x00408f4c                . = ALIGN (0x4)
 *crtbegin.o(.ctors)
 *(EXCLUDE_FILE(*crtend.o) .ctors)
 *(SORT(.ctors.*))
 *crtend.o(.ctors)
                0x00408f4c                . = ALIGN (0x4)
 *(.fini)
 .fini          0x00408f4c        0x4 c:/program files (x86)/atmel/studio/7.0/toolchain/arm/arm-gnu-toolchain/bin/../lib/gcc/arm-none-eabi/6.3.1/thumb/v7e-m/crti.o
                0x00408f4c                _fini
 .fini          0x00408f50        0x8 c:/program files (x86)/atmel/studio/7.0/toolchain/arm/arm-gnu-toolchain/bin/../lib/gcc/arm-none-eabi/6.3.1/thumb/v7e-m/crtn.o
                0x00408f58                . = ALIGN (0x4)
                0x00408f58                __fini_array_start = .
 *(.fini_array)
 .fini_array    0x00408f58        0x4 c:/program files (x86)/atmel/studio/7.0/toolchain/arm/arm-gnu-toolchain/bin/../lib/gcc/arm-none-eabi/6.3.1/thumb/v7e-m/crtbegin.o
 *(SORT(.fini_array.*))
                0x00408f5c                __fini_array_end = .
 *crtbegin.o(.dtors)
 *(EXCLUDE_FILE(*crtend.o) .dtors)
 *(SORT(.dtors.*))
 *crtend.o(.dtors)
                0x00408f5c                . = ALIGN (0x4)
                0x00408f5c                _efixed = .
                [!provide]                PROVIDE (__exidx_start, .)

.vfp11_veneer   0x00408f5c        0x0
 .vfp11_veneer  0x00408f5c        0x0 linker stubs

.v4_bx          0x00408f5c        0x0
 .v4_bx         0x00408f5c        0x0 linker stubs

.iplt           0x00408f5c        0x0
 .iplt          0x00408f5c        0x0 c:/program files (x86)/atmel/studio/7.0/toolchain/arm/arm-gnu-toolchain/bin/../lib/gcc/arm-none-eabi/6.3.1/thumb/v7e-m/crtbegin.o

.ARM.exidx      0x00408f5c        0x8
 *(.ARM.exidx* .gnu.linkonce.armexidx.*)
 .ARM.exidx     0x00408f5c        0x8 c:/program files (x86)/atmel/studio/7.0/toolchain/arm/arm-gnu-toolchain/bin/../lib/gcc/arm-none-eabi/6.3.1/thumb/v7e-m\libgcc.a(_udivmoddi4.o)
                [!provide]                PROVIDE (__exidx_end, .)

.eh_frame       0x00408f64        0x0
 .eh_frame      0x00408f64        0x0 c:/program files (x86)/atmel/studio/7.0/toolchain/arm/arm-gnu-toolchain/bin/../lib/gcc/arm-none-eabi/6.3.1/thumb/v7e-m/crtbegin.o

.rel.dyn        0x00408f64        0x0
 .rel.iplt      0x00408f64        0x0 c:/program files (x86)/atmel/studio/7.0/toolchain/arm/arm-gnu-toolchain/bin/../lib/gcc/arm-none-eabi/6.3.1/thumb/v7e-m/crtbegin.o

.jcr            0x00408f64        0x0
 .jcr           0x00408f64        0x0 c:/program files (x86)/atmel/studio/7.0/toolchain/arm/arm-gnu-toolchain/bin/../lib/gcc/arm-none-eabi/6.3.1/thumb/v7e-m/crtbegin.o

.igot.plt       0x00408f64        0x0
 .igot.plt      0x00408f64        0x0 c:/program files (x86)/atmel/studio/7.0/toolchain/arm/arm-gnu-toolchain/bin/../lib/gcc/arm-none-eabi/6.3.1/thumb/v7e-m/crtbegin.o
                0x00408f64                . = ALIGN (0x4)
                0x00408f64                _etext = .

.relocate       0x20400000      0x9b8 load address 0x00408f64
                0x20400000                . = ALIGN (0x4)
                0x20400000                _srelocate = .
 *(.ramfunc .ramfunc.*)
 *(.data .data.*)
 .data.g_interrupt_enabled
                0x20400000        0x1 src/ASF/common/utils/interrupt/interrupt_sam_nvic.o
                0x20400000                g_interrupt_enabled
 *fill*         0x20400001        0x3 
 .data.ul_flash_in_wait_mode
                0x20400004        0x4 src/ASF/sam/drivers/pmc/pmc.o
 .data.SystemCoreClock
                0x20400008        0x4 src/ASF/sam/utils/cmsis/same70/source/templates/system_same70.o
                0x20400008                SystemCoreClock
 .data._impure_ptr
                0x2040000c        0x4 c:/program files (x86)/atmel/studio/7.0/toolchain/arm/arm-gnu-toolchain/bin/../lib/gcc/arm-none-eabi/6.3.1/../../../../arm-none-eabi/lib/thumb/v7e-m\libc.a(lib_a-impure.o)
                0x2040000c                _impure_ptr
 .data.impure_data
                0x20400010      0x428 c:/program files (x86)/atmel/studio/7.0/toolchain/arm/arm-gnu-toolchain/bin/../lib/gcc/arm-none-eabi/6.3.1/../../../../arm-none-eabi/lib/thumb/v7e-m\libc.a(lib_a-impure.o)
 .data.__atexit_recursive_mutex
                0x20400438        0x4 c:/program files (x86)/atmel/studio/7.0/toolchain/arm/arm-gnu-toolchain/bin/../lib/gcc/arm-none-eabi/6.3.1/../../../../arm-none-eabi/lib/thumb/v7e-m\libc.a(lib_a-__call_atexit.o)
                0x20400438                __atexit_recursive_mutex
 .data.__malloc_av_
                0x2040043c      0x408 c:/program files (x86)/atmel/studio/7.0/toolchain/arm/arm-gnu-toolchain/bin/../lib/gcc/arm-none-eabi/6.3.1/../../../../arm-none-eabi/lib/thumb/v7e-m\libc.a(lib_a-mallocr.o)
                0x2040043c                __malloc_av_
 .data.__malloc_sbrk_base
                0x20400844        0x4 c:/program files (x86)/atmel/studio/7.0/toolchain/arm/arm-gnu-toolchain/bin/../lib/gcc/arm-none-eabi/6.3.1/../../../../arm-none-eabi/lib/thumb/v7e-m\libc.a(lib_a-mallocr.o)
                0x20400844                __malloc_sbrk_base
 .data.__malloc_trim_threshold
                0x20400848        0x4 c:/program files (x86)/atmel/studio/7.0/toolchain/arm/arm-gnu-toolchain/bin/../lib/gcc/arm-none-eabi/6.3.1/../../../../arm-none-eabi/lib/thumb/v7e-m\libc.a(lib_a-mallocr.o)
                0x20400848                __malloc_trim_threshold
 .data.__global_locale
                0x2040084c      0x16c c:/program files (x86)/atmel/studio/7.0/toolchain/arm/arm-gnu-toolchain/bin/../lib/gcc/arm-none-eabi/6.3.1/../../../../arm-none-eabi/lib/thumb/v7e-m\libc.a(lib_a-locale.o)
                0x2040084c                __global_locale
                0x204009b8                . = ALIGN (0x4)
                0x204009b8                _erelocate = .

.bss            0x204009b8      0x4e8 load address 0x0040991c
                0x204009b8                . = ALIGN (0x4)
                0x204009b8                _sbss = .
                0x204009b8                _szero = .
 *(.bss .bss.*)
 .bss           0x204009b8       0x1c c:/program files (x86)/atmel/studio/7.0/toolchain/arm/arm-gnu-toolchain/bin/../lib/gcc/arm-none-eabi/6.3.1/thumb/v7e-m/crtbegin.o
 .bss.g_wobits_in_rtt_mr
                0x204009d4        0x4 src/ASF/sam/drivers/rtt/rtt.o
 .bss.f_rtt_alarme
                0x204009d8        0x1 src/main.o
                0x204009d8                f_rtt_alarme
 *fill*         0x204009d9        0x3 
 .bss.g_ul_pixel_cache
                0x204009dc      0x3c0 src/ASF/sam/components/display/ili9488/ili9488.o
 .bss.gs_interrupt_sources
                0x20400d9c       0x70 src/ASF/sam/drivers/pio/pio_handler.o
 .bss.gs_ul_nb_sources
                0x20400e0c        0x4 src/ASF/sam/drivers/pio/pio_handler.o
 .bss.b_is_sleep_clock_used
                0x20400e10        0x1 src/ASF/sam/drivers/pmc/sleep.o
 *fill*         0x20400e11        0x3 
 .bss.callback_clocks_restored
                0x20400e14        0x4 src/ASF/sam/drivers/pmc/sleep.o
 .bss.heap.6420
                0x20400e18        0x4 src/ASF/sam/utils/syscalls/gcc/syscalls.o
 .bss.__malloc_current_mallinfo
                0x20400e1c       0x28 c:/program files (x86)/atmel/studio/7.0/toolchain/arm/arm-gnu-toolchain/bin/../lib/gcc/arm-none-eabi/6.3.1/../../../../arm-none-eabi/lib/thumb/v7e-m\libc.a(lib_a-mallocr.o)
                0x20400e1c                __malloc_current_mallinfo
 .bss.__malloc_max_sbrked_mem
                0x20400e44        0x4 c:/program files (x86)/atmel/studio/7.0/toolchain/arm/arm-gnu-toolchain/bin/../lib/gcc/arm-none-eabi/6.3.1/../../../../arm-none-eabi/lib/thumb/v7e-m\libc.a(lib_a-mallocr.o)
                0x20400e44                __malloc_max_sbrked_mem
 .bss.__malloc_max_total_mem
                0x20400e48        0x4 c:/program files (x86)/atmel/studio/7.0/toolchain/arm/arm-gnu-toolchain/bin/../lib/gcc/arm-none-eabi/6.3.1/../../../../arm-none-eabi/lib/thumb/v7e-m\libc.a(lib_a-mallocr.o)
                0x20400e48                __malloc_max_total_mem
 .bss.__malloc_top_pad
                0x20400e4c        0x4 c:/program files (x86)/atmel/studio/7.0/toolchain/arm/arm-gnu-toolchain/bin/../lib/gcc/arm-none-eabi/6.3.1/../../../../arm-none-eabi/lib/thumb/v7e-m\libc.a(lib_a-mallocr.o)
                0x20400e4c                __malloc_top_pad
 *(COMMON)
 COMMON         0x20400e50       0x25 src/main.o
                0x20400e50                wheel
                0x20400e54                seg
                0x20400e58                minu
                0x20400e5c                hour
                0x20400e60                but_stop
                0x20400e64                g_ili9488_display_opt
                0x20400e74                but_m_freq
 *fill*         0x20400e75        0x3 
 COMMON         0x20400e78       0x21 c:/program files (x86)/atmel/studio/7.0/toolchain/arm/arm-gnu-toolchain/bin/../lib/gcc/arm-none-eabi/6.3.1/../../../../arm-none-eabi/lib/thumb/v7e-m\libc.a(lib_a-lock.o)
                0x20400e78                __lock___atexit_recursive_mutex
                0x20400e7c                __lock___arc4random_mutex
                0x20400e80                __lock___env_recursive_mutex
                0x20400e84                __lock___sinit_recursive_mutex
                0x20400e88                __lock___malloc_recursive_mutex
                0x20400e8c                __lock___at_quick_exit_mutex
                0x20400e90                __lock___dd_hash_mutex
                0x20400e94                __lock___tz_mutex
                0x20400e98                __lock___sfp_recursive_mutex
 *fill*         0x20400e99        0x3 
 COMMON         0x20400e9c        0x4 c:/program files (x86)/atmel/studio/7.0/toolchain/arm/arm-gnu-toolchain/bin/../lib/gcc/arm-none-eabi/6.3.1/../../../../arm-none-eabi/lib/thumb/v7e-m\libc.a(lib_a-reent.o)
                0x20400e9c                errno
                0x20400ea0                . = ALIGN (0x4)
                0x20400ea0                _ebss = .
                0x20400ea0                _ezero = .

.stack          0x20400ea0     0x2000 load address 0x00409e04
                0x20400ea0                . = ALIGN (0x8)
                0x20400ea0                _sstack = .
                0x20402ea0                . = (. + STACK_SIZE)
 *fill*         0x20400ea0     0x2000 
                0x20402ea0                . = ALIGN (0x8)
                0x20402ea0                _estack = .

.heap           0x20402ea0      0x200 load address 0x0040be04
                0x20402ea0                . = ALIGN (0x8)
                0x20402ea0                _sheap = .
                0x204030a0                . = (. + HEAP_SIZE)
 *fill*         0x20402ea0      0x200 
                0x204030a0                . = ALIGN (0x8)
                0x204030a0                _eheap = .
                0x204030a0                . = ALIGN (0x4)
                0x204030a0                _end = .
                0x2045ffff                _ram_end_ = ((ORIGIN (ram) + LENGTH (ram)) - 0x1)
OUTPUT(SAME70_FONTS.elf elf32-littlearm)

.ARM.attributes
                0x00000000       0x2e
 .ARM.attributes
                0x00000000       0x1e c:/program files (x86)/atmel/studio/7.0/toolchain/arm/arm-gnu-toolchain/bin/../lib/gcc/arm-none-eabi/6.3.1/thumb/v7e-m/crti.o
 .ARM.attributes
                0x0000001e       0x2e c:/program files (x86)/atmel/studio/7.0/toolchain/arm/arm-gnu-toolchain/bin/../lib/gcc/arm-none-eabi/6.3.1/thumb/v7e-m/crtbegin.o
 .ARM.attributes
                0x0000004c       0x37 src/ASF/sam/drivers/rtc/rtc.o
 .ARM.attributes
                0x00000083       0x37 src/ASF/sam/drivers/rtt/rtt.o
 .ARM.attributes
                0x000000ba       0x37 src/main.o
 .ARM.attributes
                0x000000f1       0x37 src/ASF/common/services/spi/sam_spi/spi_master.o
 .ARM.attributes
                0x00000128       0x37 src/ASF/sam/components/display/ili9488/ili9488.o
 .ARM.attributes
                0x0000015f       0x37 src/ASF/sam/drivers/spi/spi.o
 .ARM.attributes
                0x00000196       0x37 src/ASF/common/services/clock/same70/sysclk.o
 .ARM.attributes
                0x000001cd       0x37 src/ASF/common/utils/interrupt/interrupt_sam_nvic.o
 .ARM.attributes
                0x00000204       0x37 src/ASF/sam/boards/same70_xplained/init.o
 .ARM.attributes
                0x0000023b       0x37 src/ASF/sam/drivers/pio/pio.o
 .ARM.attributes
                0x00000272       0x37 src/ASF/sam/drivers/pio/pio_handler.o
 .ARM.attributes
                0x000002a9       0x37 src/ASF/sam/drivers/pmc/pmc.o
 .ARM.attributes
                0x000002e0       0x37 src/ASF/sam/drivers/pmc/sleep.o
 .ARM.attributes
                0x00000317       0x37 src/ASF/sam/utils/cmsis/same70/source/templates/gcc/startup_same70.o
 .ARM.attributes
                0x0000034e       0x37 src/ASF/sam/utils/cmsis/same70/source/templates/system_same70.o
 .ARM.attributes
                0x00000385       0x37 src/ASF/sam/utils/syscalls/gcc/syscalls.o
 .ARM.attributes
                0x000003bc       0x1e c:/program files (x86)/atmel/studio/7.0/toolchain/arm/arm-gnu-toolchain/bin/../lib/gcc/arm-none-eabi/6.3.1/thumb/v7e-m\libgcc.a(_arm_addsubdf3.o)
 .ARM.attributes
                0x000003da       0x1e c:/program files (x86)/atmel/studio/7.0/toolchain/arm/arm-gnu-toolchain/bin/../lib/gcc/arm-none-eabi/6.3.1/thumb/v7e-m\libgcc.a(_arm_muldivdf3.o)
 .ARM.attributes
                0x000003f8       0x1e c:/program files (x86)/atmel/studio/7.0/toolchain/arm/arm-gnu-toolchain/bin/../lib/gcc/arm-none-eabi/6.3.1/thumb/v7e-m\libgcc.a(_arm_fixdfsi.o)
 .ARM.attributes
                0x00000416       0x2e c:/program files (x86)/atmel/studio/7.0/toolchain/arm/arm-gnu-toolchain/bin/../lib/gcc/arm-none-eabi/6.3.1/../../../../arm-none-eabi/lib/thumb/v7e-m\libc.a(lib_a-impure.o)
 .ARM.attributes
                0x00000444       0x2e c:/program files (x86)/atmel/studio/7.0/toolchain/arm/arm-gnu-toolchain/bin/../lib/gcc/arm-none-eabi/6.3.1/../../../../arm-none-eabi/lib/thumb/v7e-m\libc.a(lib_a-init.o)
 .ARM.attributes
                0x00000472       0x2e c:/program files (x86)/atmel/studio/7.0/toolchain/arm/arm-gnu-toolchain/bin/../lib/gcc/arm-none-eabi/6.3.1/../../../../arm-none-eabi/lib/thumb/v7e-m\libc.a(lib_a-memset.o)
 .ARM.attributes
                0x000004a0       0x2e c:/program files (x86)/atmel/studio/7.0/toolchain/arm/arm-gnu-toolchain/bin/../lib/gcc/arm-none-eabi/6.3.1/../../../../arm-none-eabi/lib/thumb/v7e-m\libc.a(lib_a-sprintf.o)
 .ARM.attributes
                0x000004ce       0x2e c:/program files (x86)/atmel/studio/7.0/toolchain/arm/arm-gnu-toolchain/bin/../lib/gcc/arm-none-eabi/6.3.1/../../../../arm-none-eabi/lib/thumb/v7e-m\libc.a(lib_a-svfprintf.o)
 .ARM.attributes
                0x000004fc       0x2e c:/program files (x86)/atmel/studio/7.0/toolchain/arm/arm-gnu-toolchain/bin/../lib/gcc/arm-none-eabi/6.3.1/../../../../arm-none-eabi/lib/thumb/v7e-m\libc.a(lib_a-__call_atexit.o)
 .ARM.attributes
                0x0000052a       0x2e c:/program files (x86)/atmel/studio/7.0/toolchain/arm/arm-gnu-toolchain/bin/../lib/gcc/arm-none-eabi/6.3.1/../../../../arm-none-eabi/lib/thumb/v7e-m\libc.a(lib_a-atexit.o)
 .ARM.attributes
                0x00000558       0x2e c:/program files (x86)/atmel/studio/7.0/toolchain/arm/arm-gnu-toolchain/bin/../lib/gcc/arm-none-eabi/6.3.1/../../../../arm-none-eabi/lib/thumb/v7e-m\libc.a(lib_a-dtoa.o)
 .ARM.attributes
                0x00000586       0x2e c:/program files (x86)/atmel/studio/7.0/toolchain/arm/arm-gnu-toolchain/bin/../lib/gcc/arm-none-eabi/6.3.1/../../../../arm-none-eabi/lib/thumb/v7e-m\libc.a(lib_a-fini.o)
 .ARM.attributes
                0x000005b4       0x2e c:/program files (x86)/atmel/studio/7.0/toolchain/arm/arm-gnu-toolchain/bin/../lib/gcc/arm-none-eabi/6.3.1/../../../../arm-none-eabi/lib/thumb/v7e-m\libc.a(lib_a-localeconv.o)
 .ARM.attributes
                0x000005e2       0x2e c:/program files (x86)/atmel/studio/7.0/toolchain/arm/arm-gnu-toolchain/bin/../lib/gcc/arm-none-eabi/6.3.1/../../../../arm-none-eabi/lib/thumb/v7e-m\libc.a(lib_a-lock.o)
 .ARM.attributes
                0x00000610       0x2e c:/program files (x86)/atmel/studio/7.0/toolchain/arm/arm-gnu-toolchain/bin/../lib/gcc/arm-none-eabi/6.3.1/../../../../arm-none-eabi/lib/thumb/v7e-m\libc.a(lib_a-mallocr.o)
 .ARM.attributes
                0x0000063e       0x1c c:/program files (x86)/atmel/studio/7.0/toolchain/arm/arm-gnu-toolchain/bin/../lib/gcc/arm-none-eabi/6.3.1/../../../../arm-none-eabi/lib/thumb/v7e-m\libc.a(lib_a-memchr.o)
 .ARM.attributes
                0x0000065a       0x1c c:/program files (x86)/atmel/studio/7.0/toolchain/arm/arm-gnu-toolchain/bin/../lib/gcc/arm-none-eabi/6.3.1/../../../../arm-none-eabi/lib/thumb/v7e-m\libc.a(lib_a-memcpy.o)
 .ARM.attributes
                0x00000676       0x2e c:/program files (x86)/atmel/studio/7.0/toolchain/arm/arm-gnu-toolchain/bin/../lib/gcc/arm-none-eabi/6.3.1/../../../../arm-none-eabi/lib/thumb/v7e-m\libc.a(lib_a-mlock.o)
 .ARM.attributes
                0x000006a4       0x2e c:/program files (x86)/atmel/studio/7.0/toolchain/arm/arm-gnu-toolchain/bin/../lib/gcc/arm-none-eabi/6.3.1/../../../../arm-none-eabi/lib/thumb/v7e-m\libc.a(lib_a-mprec.o)
 .ARM.attributes
                0x000006d2       0x2e c:/program files (x86)/atmel/studio/7.0/toolchain/arm/arm-gnu-toolchain/bin/../lib/gcc/arm-none-eabi/6.3.1/../../../../arm-none-eabi/lib/thumb/v7e-m\libc.a(lib_a-sbrkr.o)
 .ARM.attributes
                0x00000700       0x1c c:/program files (x86)/atmel/studio/7.0/toolchain/arm/arm-gnu-toolchain/bin/../lib/gcc/arm-none-eabi/6.3.1/../../../../arm-none-eabi/lib/thumb/v7e-m\libc.a(lib_a-strlen.o)
 .ARM.attributes
                0x0000071c       0x2e c:/program files (x86)/atmel/studio/7.0/toolchain/arm/arm-gnu-toolchain/bin/../lib/gcc/arm-none-eabi/6.3.1/../../../../arm-none-eabi/lib/thumb/v7e-m\libc.a(lib_a-svfiprintf.o)
 .ARM.attributes
                0x0000074a       0x2e c:/program files (x86)/atmel/studio/7.0/toolchain/arm/arm-gnu-toolchain/bin/../lib/gcc/arm-none-eabi/6.3.1/../../../../arm-none-eabi/lib/thumb/v7e-m\libc.a(lib_a-__atexit.o)
 .ARM.attributes
                0x00000778       0x2e c:/program files (x86)/atmel/studio/7.0/toolchain/arm/arm-gnu-toolchain/bin/../lib/gcc/arm-none-eabi/6.3.1/../../../../arm-none-eabi/lib/thumb/v7e-m\libc.a(lib_a-callocr.o)
 .ARM.attributes
                0x000007a6       0x2e c:/program files (x86)/atmel/studio/7.0/toolchain/arm/arm-gnu-toolchain/bin/../lib/gcc/arm-none-eabi/6.3.1/../../../../arm-none-eabi/lib/thumb/v7e-m\libc.a(lib_a-freer.o)
 .ARM.attributes
                0x000007d4       0x2e c:/program files (x86)/atmel/studio/7.0/toolchain/arm/arm-gnu-toolchain/bin/../lib/gcc/arm-none-eabi/6.3.1/../../../../arm-none-eabi/lib/thumb/v7e-m\libc.a(lib_a-locale.o)
 .ARM.attributes
                0x00000802       0x2e c:/program files (x86)/atmel/studio/7.0/toolchain/arm/arm-gnu-toolchain/bin/../lib/gcc/arm-none-eabi/6.3.1/../../../../arm-none-eabi/lib/thumb/v7e-m\libc.a(lib_a-mbtowc_r.o)
 .ARM.attributes
                0x00000830       0x2e c:/program files (x86)/atmel/studio/7.0/toolchain/arm/arm-gnu-toolchain/bin/../lib/gcc/arm-none-eabi/6.3.1/../../../../arm-none-eabi/lib/thumb/v7e-m\libc.a(lib_a-memmove.o)
 .ARM.attributes
                0x0000085e       0x2e c:/program files (x86)/atmel/studio/7.0/toolchain/arm/arm-gnu-toolchain/bin/../lib/gcc/arm-none-eabi/6.3.1/../../../../arm-none-eabi/lib/thumb/v7e-m\libc.a(lib_a-reallocr.o)
 .ARM.attributes
                0x0000088c       0x2e c:/program files (x86)/atmel/studio/7.0/toolchain/arm/arm-gnu-toolchain/bin/../lib/gcc/arm-none-eabi/6.3.1/../../../../arm-none-eabi/lib/thumb/v7e-m\libc.a(lib_a-reent.o)
 .ARM.attributes
                0x000008ba       0x2e c:/program files (x86)/atmel/studio/7.0/toolchain/arm/arm-gnu-toolchain/bin/../lib/gcc/arm-none-eabi/6.3.1/../../../../arm-none-eabi/lib/thumb/v7e-m\libc.a(lib_a-wctomb_r.o)
 .ARM.attributes
                0x000008e8       0x2e c:/program files (x86)/atmel/studio/7.0/toolchain/arm/arm-gnu-toolchain/bin/../lib/gcc/arm-none-eabi/6.3.1/../../../../arm-none-eabi/lib/thumb/v7e-m\libc.a(lib_a-ctype_.o)
 .ARM.attributes
                0x00000916       0x1e c:/program files (x86)/atmel/studio/7.0/toolchain/arm/arm-gnu-toolchain/bin/../lib/gcc/arm-none-eabi/6.3.1/thumb/v7e-m\libgcc.a(_arm_cmpdf2.o)
 .ARM.attributes
                0x00000934       0x1e c:/program files (x86)/atmel/studio/7.0/toolchain/arm/arm-gnu-toolchain/bin/../lib/gcc/arm-none-eabi/6.3.1/thumb/v7e-m\libgcc.a(_arm_unorddf2.o)
 .ARM.attributes
                0x00000952       0x1e c:/program files (x86)/atmel/studio/7.0/toolchain/arm/arm-gnu-toolchain/bin/../lib/gcc/arm-none-eabi/6.3.1/thumb/v7e-m\libgcc.a(_aeabi_uldivmod.o)
 .ARM.attributes
                0x00000970       0x2e c:/program files (x86)/atmel/studio/7.0/toolchain/arm/arm-gnu-toolchain/bin/../lib/gcc/arm-none-eabi/6.3.1/thumb/v7e-m\libgcc.a(_udivmoddi4.o)
 .ARM.attributes
                0x0000099e       0x1e c:/program files (x86)/atmel/studio/7.0/toolchain/arm/arm-gnu-toolchain/bin/../lib/gcc/arm-none-eabi/6.3.1/thumb/v7e-m\libgcc.a(_dvmd_tls.o)
 .ARM.attributes
                0x000009bc       0x1e c:/program files (x86)/atmel/studio/7.0/toolchain/arm/arm-gnu-toolchain/bin/../lib/gcc/arm-none-eabi/6.3.1/thumb/v7e-m/crtn.o

.comment        0x00000000       0x59
 .comment       0x00000000       0x59 src/ASF/sam/drivers/rtc/rtc.o
                                 0x5a (size before relaxing)
 .comment       0x00000059       0x5a src/ASF/sam/drivers/rtt/rtt.o
 .comment       0x00000059       0x5a src/main.o
 .comment       0x00000059       0x5a src/ASF/common/services/spi/sam_spi/spi_master.o
 .comment       0x00000059       0x5a src/ASF/sam/components/display/ili9488/ili9488.o
 .comment       0x00000059       0x5a src/ASF/sam/drivers/spi/spi.o
 .comment       0x00000059       0x5a src/ASF/common/services/clock/same70/sysclk.o
 .comment       0x00000059       0x5a src/ASF/common/utils/interrupt/interrupt_sam_nvic.o
 .comment       0x00000059       0x5a src/ASF/sam/boards/same70_xplained/init.o
 .comment       0x00000059       0x5a src/ASF/sam/drivers/pio/pio.o
 .comment       0x00000059       0x5a src/ASF/sam/drivers/pio/pio_handler.o
 .comment       0x00000059       0x5a src/ASF/sam/drivers/pmc/pmc.o
 .comment       0x00000059       0x5a src/ASF/sam/drivers/pmc/sleep.o
 .comment       0x00000059       0x5a src/ASF/sam/utils/cmsis/same70/source/templates/gcc/startup_same70.o
 .comment       0x00000059       0x5a src/ASF/sam/utils/cmsis/same70/source/templates/system_same70.o
 .comment       0x00000059       0x5a src/ASF/sam/utils/syscalls/gcc/syscalls.o

.debug_info     0x00000000    0x1567f
 .debug_info    0x00000000     0x1158 src/ASF/sam/drivers/rtc/rtc.o
 .debug_info    0x00001158      0xcaf src/ASF/sam/drivers/rtt/rtt.o
 .debug_info    0x00001e07     0x2022 src/main.o
 .debug_info    0x00003e29     0x143e src/ASF/common/services/spi/sam_spi/spi_master.o
 .debug_info    0x00005267     0x208c src/ASF/sam/components/display/ili9488/ili9488.o
 .debug_info    0x000072f3     0x1123 src/ASF/sam/drivers/spi/spi.o
 .debug_info    0x00008416     0x1311 src/ASF/common/services/clock/same70/sysclk.o
 .debug_info    0x00009727      0xb06 src/ASF/common/utils/interrupt/interrupt_sam_nvic.o
 .debug_info    0x0000a22d     0x1dad src/ASF/sam/boards/same70_xplained/init.o
 .debug_info    0x0000bfda     0x1ce3 src/ASF/sam/drivers/pio/pio.o
 .debug_info    0x0000dcbd     0x1a74 src/ASF/sam/drivers/pio/pio_handler.o
 .debug_info    0x0000f731     0x1eed src/ASF/sam/drivers/pmc/pmc.o
 .debug_info    0x0001161e     0x16bf src/ASF/sam/drivers/pmc/sleep.o
 .debug_info    0x00012cdd     0x1612 src/ASF/sam/utils/cmsis/same70/source/templates/gcc/startup_same70.o
 .debug_info    0x000142ef      0x5d4 src/ASF/sam/utils/cmsis/same70/source/templates/system_same70.o
 .debug_info    0x000148c3      0xdbc src/ASF/sam/utils/syscalls/gcc/syscalls.o

.debug_abbrev   0x00000000     0x2a63
 .debug_abbrev  0x00000000      0x257 src/ASF/sam/drivers/rtc/rtc.o
 .debug_abbrev  0x00000257      0x203 src/ASF/sam/drivers/rtt/rtt.o
 .debug_abbrev  0x0000045a      0x383 src/main.o
 .debug_abbrev  0x000007dd      0x305 src/ASF/common/services/spi/sam_spi/spi_master.o
 .debug_abbrev  0x00000ae2      0x2f4 src/ASF/sam/components/display/ili9488/ili9488.o
 .debug_abbrev  0x00000dd6      0x2cf src/ASF/sam/drivers/spi/spi.o
 .debug_abbrev  0x000010a5      0x296 src/ASF/common/services/clock/same70/sysclk.o
 .debug_abbrev  0x0000133b      0x214 src/ASF/common/utils/interrupt/interrupt_sam_nvic.o
 .debug_abbrev  0x0000154f      0x3f4 src/ASF/sam/boards/same70_xplained/init.o
 .debug_abbrev  0x00001943      0x296 src/ASF/sam/drivers/pio/pio.o
 .debug_abbrev  0x00001bd9      0x2c9 src/ASF/sam/drivers/pio/pio_handler.o
 .debug_abbrev  0x00001ea2      0x2ce src/ASF/sam/drivers/pmc/pmc.o
 .debug_abbrev  0x00002170      0x2df src/ASF/sam/drivers/pmc/sleep.o
 .debug_abbrev  0x0000244f      0x2e8 src/ASF/sam/utils/cmsis/same70/source/templates/gcc/startup_same70.o
 .debug_abbrev  0x00002737      0x102 src/ASF/sam/utils/cmsis/same70/source/templates/system_same70.o
 .debug_abbrev  0x00002839      0x22a src/ASF/sam/utils/syscalls/gcc/syscalls.o

.debug_loc      0x00000000     0x6634
 .debug_loc     0x00000000      0x730 src/ASF/sam/drivers/rtc/rtc.o
 .debug_loc     0x00000730      0x330 src/ASF/sam/drivers/rtt/rtt.o
 .debug_loc     0x00000a60      0x59e src/main.o
 .debug_loc     0x00000ffe      0x830 src/ASF/common/services/spi/sam_spi/spi_master.o
 .debug_loc     0x0000182e      0xd20 src/ASF/sam/components/display/ili9488/ili9488.o
 .debug_loc     0x0000254e      0x630 src/ASF/sam/drivers/spi/spi.o
 .debug_loc     0x00002b7e      0x4a0 src/ASF/common/services/clock/same70/sysclk.o
 .debug_loc     0x0000301e       0xa0 src/ASF/common/utils/interrupt/interrupt_sam_nvic.o
 .debug_loc     0x000030be      0x2fc src/ASF/sam/boards/same70_xplained/init.o
 .debug_loc     0x000033ba     0x1174 src/ASF/sam/drivers/pio/pio.o
 .debug_loc     0x0000452e      0x38c src/ASF/sam/drivers/pio/pio_handler.o
 .debug_loc     0x000048ba     0x1744 src/ASF/sam/drivers/pmc/pmc.o
 .debug_loc     0x00005ffe       0xe6 src/ASF/sam/drivers/pmc/sleep.o
 .debug_loc     0x000060e4      0x16c src/ASF/sam/utils/cmsis/same70/source/templates/gcc/startup_same70.o
 .debug_loc     0x00006250       0xe4 src/ASF/sam/utils/cmsis/same70/source/templates/system_same70.o
 .debug_loc     0x00006334      0x300 src/ASF/sam/utils/syscalls/gcc/syscalls.o

.debug_aranges  0x00000000      0xb58
 .debug_aranges
                0x00000000       0xb8 src/ASF/sam/drivers/rtc/rtc.o
 .debug_aranges
                0x000000b8       0x60 src/ASF/sam/drivers/rtt/rtt.o
 .debug_aranges
                0x00000118       0xb0 src/main.o
 .debug_aranges
                0x000001c8       0xe0 src/ASF/common/services/spi/sam_spi/spi_master.o
 .debug_aranges
                0x000002a8      0x168 src/ASF/sam/components/display/ili9488/ili9488.o
 .debug_aranges
                0x00000410       0xa8 src/ASF/sam/drivers/spi/spi.o
 .debug_aranges
                0x000004b8       0x98 src/ASF/common/services/clock/same70/sysclk.o
 .debug_aranges
                0x00000550       0x28 src/ASF/common/utils/interrupt/interrupt_sam_nvic.o
 .debug_aranges
                0x00000578       0x68 src/ASF/sam/boards/same70_xplained/init.o
 .debug_aranges
                0x000005e0      0x1a8 src/ASF/sam/drivers/pio/pio.o
 .debug_aranges
                0x00000788       0x80 src/ASF/sam/drivers/pio/pio_handler.o
 .debug_aranges
                0x00000808      0x250 src/ASF/sam/drivers/pmc/pmc.o
 .debug_aranges
                0x00000a58       0x30 src/ASF/sam/drivers/pmc/sleep.o
 .debug_aranges
                0x00000a88       0x40 src/ASF/sam/utils/cmsis/same70/source/templates/gcc/startup_same70.o
 .debug_aranges
                0x00000ac8       0x30 src/ASF/sam/utils/cmsis/same70/source/templates/system_same70.o
 .debug_aranges
                0x00000af8       0x60 src/ASF/sam/utils/syscalls/gcc/syscalls.o

.debug_ranges   0x00000000      0xad0
 .debug_ranges  0x00000000       0xa8 src/ASF/sam/drivers/rtc/rtc.o
 .debug_ranges  0x000000a8       0x50 src/ASF/sam/drivers/rtt/rtt.o
 .debug_ranges  0x000000f8       0xa0 src/main.o
 .debug_ranges  0x00000198       0xd0 src/ASF/common/services/spi/sam_spi/spi_master.o
 .debug_ranges  0x00000268      0x158 src/ASF/sam/components/display/ili9488/ili9488.o
 .debug_ranges  0x000003c0       0x98 src/ASF/sam/drivers/spi/spi.o
 .debug_ranges  0x00000458       0x88 src/ASF/common/services/clock/same70/sysclk.o
 .debug_ranges  0x000004e0       0x18 src/ASF/common/utils/interrupt/interrupt_sam_nvic.o
 .debug_ranges  0x000004f8       0xd0 src/ASF/sam/boards/same70_xplained/init.o
 .debug_ranges  0x000005c8      0x198 src/ASF/sam/drivers/pio/pio.o
 .debug_ranges  0x00000760       0x70 src/ASF/sam/drivers/pio/pio_handler.o
 .debug_ranges  0x000007d0      0x240 src/ASF/sam/drivers/pmc/pmc.o
 .debug_ranges  0x00000a10       0x20 src/ASF/sam/drivers/pmc/sleep.o
 .debug_ranges  0x00000a30       0x30 src/ASF/sam/utils/cmsis/same70/source/templates/gcc/startup_same70.o
 .debug_ranges  0x00000a60       0x20 src/ASF/sam/utils/cmsis/same70/source/templates/system_same70.o
 .debug_ranges  0x00000a80       0x50 src/ASF/sam/utils/syscalls/gcc/syscalls.o

.debug_macro    0x00000000    0x20a6b
 .debug_macro   0x00000000      0x699 src/ASF/sam/drivers/rtc/rtc.o
 .debug_macro   0x00000699      0x8d4 src/ASF/sam/drivers/rtc/rtc.o
 .debug_macro   0x00000f6d      0x16d src/ASF/sam/drivers/rtc/rtc.o
 .debug_macro   0x000010da      0x6d7 src/ASF/sam/drivers/rtc/rtc.o
 .debug_macro   0x000017b1       0x76 src/ASF/sam/drivers/rtc/rtc.o
 .debug_macro   0x00001827       0x16 src/ASF/sam/drivers/rtc/rtc.o
 .debug_macro   0x0000183d      0x6da src/ASF/sam/drivers/rtc/rtc.o
 .debug_macro   0x00001f17       0x22 src/ASF/sam/drivers/rtc/rtc.o
 .debug_macro   0x00001f39       0x87 src/ASF/sam/drivers/rtc/rtc.o
 .debug_macro   0x00001fc0       0x51 src/ASF/sam/drivers/rtc/rtc.o
 .debug_macro   0x00002011       0xef src/ASF/sam/drivers/rtc/rtc.o
 .debug_macro   0x00002100       0x6a src/ASF/sam/drivers/rtc/rtc.o
 .debug_macro   0x0000216a      0x1df src/ASF/sam/drivers/rtc/rtc.o
 .debug_macro   0x00002349       0x51 src/ASF/sam/drivers/rtc/rtc.o
 .debug_macro   0x0000239a       0x3b src/ASF/sam/drivers/rtc/rtc.o
 .debug_macro   0x000023d5       0x2d src/ASF/sam/drivers/rtc/rtc.o
 .debug_macro   0x00002402       0x26 src/ASF/sam/drivers/rtc/rtc.o
 .debug_macro   0x00002428      0xf9a src/ASF/sam/drivers/rtc/rtc.o
 .debug_macro   0x000033c2      0x191 src/ASF/sam/drivers/rtc/rtc.o
 .debug_macro   0x00003553      0x2ee src/ASF/sam/drivers/rtc/rtc.o
 .debug_macro   0x00003841      0xa23 src/ASF/sam/drivers/rtc/rtc.o
 .debug_macro   0x00004264      0x1b4 src/ASF/sam/drivers/rtc/rtc.o
 .debug_macro   0x00004418      0x35f src/ASF/sam/drivers/rtc/rtc.o
 .debug_macro   0x00004777      0x15a src/ASF/sam/drivers/rtc/rtc.o
 .debug_macro   0x000048d1     0x18b3 src/ASF/sam/drivers/rtc/rtc.o
 .debug_macro   0x00006184       0x1c src/ASF/sam/drivers/rtc/rtc.o
 .debug_macro   0x000061a0      0x6a2 src/ASF/sam/drivers/rtc/rtc.o
 .debug_macro   0x00006842      0x27f src/ASF/sam/drivers/rtc/rtc.o
 .debug_macro   0x00006ac1      0x3ba src/ASF/sam/drivers/rtc/rtc.o
 .debug_macro   0x00006e7b      0x4f0 src/ASF/sam/drivers/rtc/rtc.o
 .debug_macro   0x0000736b      0x5cb src/ASF/sam/drivers/rtc/rtc.o
 .debug_macro   0x00007936     0x1527 src/ASF/sam/drivers/rtc/rtc.o
 .debug_macro   0x00008e5d     0x2a40 src/ASF/sam/drivers/rtc/rtc.o
 .debug_macro   0x0000b89d     0x113e src/ASF/sam/drivers/rtc/rtc.o
 .debug_macro   0x0000c9db      0xcdb src/ASF/sam/drivers/rtc/rtc.o
 .debug_macro   0x0000d6b6      0x3c6 src/ASF/sam/drivers/rtc/rtc.o
 .debug_macro   0x0000da7c       0xa0 src/ASF/sam/drivers/rtc/rtc.o
 .debug_macro   0x0000db1c       0x76 src/ASF/sam/drivers/rtc/rtc.o
 .debug_macro   0x0000db92      0x442 src/ASF/sam/drivers/rtc/rtc.o
 .debug_macro   0x0000dfd4       0x64 src/ASF/sam/drivers/rtc/rtc.o
 .debug_macro   0x0000e038      0x299 src/ASF/sam/drivers/rtc/rtc.o
 .debug_macro   0x0000e2d1      0x201 src/ASF/sam/drivers/rtc/rtc.o
 .debug_macro   0x0000e4d2      0x280 src/ASF/sam/drivers/rtc/rtc.o
 .debug_macro   0x0000e752      0x539 src/ASF/sam/drivers/rtc/rtc.o
 .debug_macro   0x0000ec8b      0x64f src/ASF/sam/drivers/rtc/rtc.o
 .debug_macro   0x0000f2da      0x6cc src/ASF/sam/drivers/rtc/rtc.o
 .debug_macro   0x0000f9a6       0x64 src/ASF/sam/drivers/rtc/rtc.o
 .debug_macro   0x0000fa0a      0x4c4 src/ASF/sam/drivers/rtc/rtc.o
 .debug_macro   0x0000fece      0x237 src/ASF/sam/drivers/rtc/rtc.o
 .debug_macro   0x00010105      0xa06 src/ASF/sam/drivers/rtc/rtc.o
 .debug_macro   0x00010b0b     0x14ec src/ASF/sam/drivers/rtc/rtc.o
 .debug_macro   0x00011ff7       0x40 src/ASF/sam/drivers/rtc/rtc.o
 .debug_macro   0x00012037       0x76 src/ASF/sam/drivers/rtc/rtc.o
 .debug_macro   0x000120ad      0xdd1 src/ASF/sam/drivers/rtc/rtc.o
 .debug_macro   0x00012e7e       0x88 src/ASF/sam/drivers/rtc/rtc.o
 .debug_macro   0x00012f06       0x7c src/ASF/sam/drivers/rtc/rtc.o
 .debug_macro   0x00012f82       0x52 src/ASF/sam/drivers/rtc/rtc.o
 .debug_macro   0x00012fd4      0x133 src/ASF/sam/drivers/rtc/rtc.o
 .debug_macro   0x00013107      0x133 src/ASF/sam/drivers/rtc/rtc.o
 .debug_macro   0x0001323a      0x133 src/ASF/sam/drivers/rtc/rtc.o
 .debug_macro   0x0001336d       0x76 src/ASF/sam/drivers/rtc/rtc.o
 .debug_macro   0x000133e3       0x76 src/ASF/sam/drivers/rtc/rtc.o
 .debug_macro   0x00013459      0x2fe src/ASF/sam/drivers/rtc/rtc.o
 .debug_macro   0x00013757       0xca src/ASF/sam/drivers/rtc/rtc.o
 .debug_macro   0x00013821       0xca src/ASF/sam/drivers/rtc/rtc.o
 .debug_macro   0x000138eb       0xca src/ASF/sam/drivers/rtc/rtc.o
 .debug_macro   0x000139b5      0x13b src/ASF/sam/drivers/rtc/rtc.o
 .debug_macro   0x00013af0      0x13b src/ASF/sam/drivers/rtc/rtc.o
 .debug_macro   0x00013c2b      0x2cd src/ASF/sam/drivers/rtc/rtc.o
 .debug_macro   0x00013ef8       0xbe src/ASF/sam/drivers/rtc/rtc.o
 .debug_macro   0x00013fb6       0x64 src/ASF/sam/drivers/rtc/rtc.o
 .debug_macro   0x0001401a       0x46 src/ASF/sam/drivers/rtc/rtc.o
 .debug_macro   0x00014060       0x64 src/ASF/sam/drivers/rtc/rtc.o
 .debug_macro   0x000140c4       0xa6 src/ASF/sam/drivers/rtc/rtc.o
 .debug_macro   0x0001416a      0x4b7 src/ASF/sam/drivers/rtc/rtc.o
 .debug_macro   0x00014621      0x133 src/ASF/sam/drivers/rtc/rtc.o
 .debug_macro   0x00014754       0x52 src/ASF/sam/drivers/rtc/rtc.o
 .debug_macro   0x000147a6      0x2fe src/ASF/sam/drivers/rtc/rtc.o
 .debug_macro   0x00014aa4       0x76 src/ASF/sam/drivers/rtc/rtc.o
 .debug_macro   0x00014b1a       0xbe src/ASF/sam/drivers/rtc/rtc.o
 .debug_macro   0x00014bd8       0x70 src/ASF/sam/drivers/rtc/rtc.o
 .debug_macro   0x00014c48       0x34 src/ASF/sam/drivers/rtc/rtc.o
 .debug_macro   0x00014c7c      0x9b8 src/ASF/sam/drivers/rtc/rtc.o
 .debug_macro   0x00015634       0x70 src/ASF/sam/drivers/rtc/rtc.o
 .debug_macro   0x000156a4       0x8e src/ASF/sam/drivers/rtc/rtc.o
 .debug_macro   0x00015732       0x5e src/ASF/sam/drivers/rtc/rtc.o
 .debug_macro   0x00015790       0xfa src/ASF/sam/drivers/rtc/rtc.o
 .debug_macro   0x0001588a       0x4c src/ASF/sam/drivers/rtc/rtc.o
 .debug_macro   0x000158d6       0x4c src/ASF/sam/drivers/rtc/rtc.o
 .debug_macro   0x00015922       0x16 src/ASF/sam/drivers/rtc/rtc.o
 .debug_macro   0x00015938       0xfa src/ASF/sam/drivers/rtc/rtc.o
 .debug_macro   0x00015a32       0x52 src/ASF/sam/drivers/rtc/rtc.o
 .debug_macro   0x00015a84       0x16 src/ASF/sam/drivers/rtc/rtc.o
 .debug_macro   0x00015a9a       0x52 src/ASF/sam/drivers/rtc/rtc.o
 .debug_macro   0x00015aec       0x2e src/ASF/sam/drivers/rtc/rtc.o
 .debug_macro   0x00015b1a      0x1b3 src/ASF/sam/drivers/rtc/rtc.o
 .debug_macro   0x00015ccd      0x1b3 src/ASF/sam/drivers/rtc/rtc.o
 .debug_macro   0x00015e80      0x1b3 src/ASF/sam/drivers/rtc/rtc.o
 .debug_macro   0x00016033      0x1b3 src/ASF/sam/drivers/rtc/rtc.o
 .debug_macro   0x000161e6      0x1b3 src/ASF/sam/drivers/rtc/rtc.o
 .debug_macro   0x00016399       0x1c src/ASF/sam/drivers/rtc/rtc.o
 .debug_macro   0x000163b5       0x34 src/ASF/sam/drivers/rtc/rtc.o
 .debug_macro   0x000163e9       0x22 src/ASF/sam/drivers/rtc/rtc.o
 .debug_macro   0x0001640b       0x1c src/ASF/sam/drivers/rtc/rtc.o
 .debug_macro   0x00016427       0x5e src/ASF/sam/drivers/rtc/rtc.o
 .debug_macro   0x00016485       0x10 src/ASF/sam/drivers/rtc/rtc.o
 .debug_macro   0x00016495       0x1c src/ASF/sam/drivers/rtc/rtc.o
 .debug_macro   0x000164b1       0x52 src/ASF/sam/drivers/rtc/rtc.o
 .debug_macro   0x00016503       0x52 src/ASF/sam/drivers/rtc/rtc.o
 .debug_macro   0x00016555       0x52 src/ASF/sam/drivers/rtc/rtc.o
 .debug_macro   0x000165a7      0x33e src/ASF/sam/drivers/rtc/rtc.o
 .debug_macro   0x000168e5     0x10ab src/ASF/sam/drivers/rtc/rtc.o
 .debug_macro   0x00017990      0x107 src/ASF/sam/drivers/rtc/rtc.o
 .debug_macro   0x00017a97       0x58 src/ASF/sam/drivers/rtc/rtc.o
 .debug_macro   0x00017aef       0x35 src/ASF/sam/drivers/rtc/rtc.o
 .debug_macro   0x00017b24       0x9c src/ASF/sam/drivers/rtc/rtc.o
 .debug_macro   0x00017bc0       0x16 src/ASF/sam/drivers/rtc/rtc.o
 .debug_macro   0x00017bd6       0x35 src/ASF/sam/drivers/rtc/rtc.o
 .debug_macro   0x00017c0b      0x353 src/ASF/sam/drivers/rtc/rtc.o
 .debug_macro   0x00017f5e       0x10 src/ASF/sam/drivers/rtc/rtc.o
 .debug_macro   0x00017f6e       0x58 src/ASF/sam/drivers/rtc/rtc.o
 .debug_macro   0x00017fc6       0x1f src/ASF/sam/drivers/rtc/rtc.o
 .debug_macro   0x00017fe5       0x43 src/ASF/sam/drivers/rtc/rtc.o
 .debug_macro   0x00018028       0x20 src/ASF/sam/drivers/rtc/rtc.o
 .debug_macro   0x00018048      0x187 src/ASF/sam/drivers/rtc/rtc.o
 .debug_macro   0x000181cf       0x10 src/ASF/sam/drivers/rtc/rtc.o
 .debug_macro   0x000181df       0x1c src/ASF/sam/drivers/rtc/rtc.o
 .debug_macro   0x000181fb       0x52 src/ASF/sam/drivers/rtc/rtc.o
 .debug_macro   0x0001824d       0x40 src/ASF/sam/drivers/rtc/rtc.o
 .debug_macro   0x0001828d       0x10 src/ASF/sam/drivers/rtc/rtc.o
 .debug_macro   0x0001829d       0x40 src/ASF/sam/drivers/rtc/rtc.o
 .debug_macro   0x000182dd       0xd7 src/ASF/sam/drivers/rtc/rtc.o
 .debug_macro   0x000183b4       0x16 src/ASF/sam/drivers/rtc/rtc.o
 .debug_macro   0x000183ca      0x18b src/ASF/sam/drivers/rtc/rtc.o
 .debug_macro   0x00018555       0x22 src/ASF/sam/drivers/rtc/rtc.o
 .debug_macro   0x00018577       0x16 src/ASF/sam/drivers/rtc/rtc.o
 .debug_macro   0x0001858d       0x16 src/ASF/sam/drivers/rtc/rtc.o
 .debug_macro   0x000185a3       0x29 src/ASF/sam/drivers/rtc/rtc.o
 .debug_macro   0x000185cc       0x73 src/ASF/sam/drivers/rtc/rtc.o
 .debug_macro   0x0001863f       0x3e src/ASF/sam/drivers/rtc/rtc.o
 .debug_macro   0x0001867d      0x3ca src/ASF/sam/drivers/rtc/rtc.o
 .debug_macro   0x00018a47      0x681 src/ASF/sam/drivers/rtt/rtt.o
 .debug_macro   0x000190c8      0x880 src/main.o
 .debug_macro   0x00019948       0x3a src/main.o
 .debug_macro   0x00019982      0x2c3 src/main.o
 .debug_macro   0x00019c45      0xa91 src/main.o
 .debug_macro   0x0001a6d6       0x70 src/main.o
 .debug_macro   0x0001a746       0x64 src/main.o
 .debug_macro   0x0001a7aa       0x5f src/main.o
 .debug_macro   0x0001a809       0xac src/main.o
 .debug_macro   0x0001a8b5       0x28 src/main.o
 .debug_macro   0x0001a8dd       0x22 src/main.o
 .debug_macro   0x0001a8ff       0x16 src/main.o
 .debug_macro   0x0001a915      0x41e src/main.o
 .debug_macro   0x0001ad33       0x94 src/main.o
 .debug_macro   0x0001adc7       0x40 src/main.o
 .debug_macro   0x0001ae07       0x88 src/main.o
 .debug_macro   0x0001ae8f      0x1c8 src/main.o
 .debug_macro   0x0001b057       0x34 src/main.o
 .debug_macro   0x0001b08b       0x16 src/main.o
 .debug_macro   0x0001b0a1       0x1c src/main.o
 .debug_macro   0x0001b0bd       0x16 src/main.o
 .debug_macro   0x0001b0d3       0x28 src/main.o
 .debug_macro   0x0001b0fb       0x2e src/main.o
 .debug_macro   0x0001b129       0x16 src/main.o
 .debug_macro   0x0001b13f      0x733 src/ASF/common/services/spi/sam_spi/spi_master.o
 .debug_macro   0x0001b872      0x772 src/ASF/sam/components/display/ili9488/ili9488.o
 .debug_macro   0x0001bfe4      0x6fb src/ASF/sam/drivers/spi/spi.o
 .debug_macro   0x0001c6df       0x10 src/ASF/sam/drivers/spi/spi.o
 .debug_macro   0x0001c6ef      0x6f2 src/ASF/common/services/clock/same70/sysclk.o
 .debug_macro   0x0001cde1      0x2bd src/ASF/common/services/clock/same70/sysclk.o
 .debug_macro   0x0001d09e      0x676 src/ASF/common/utils/interrupt/interrupt_sam_nvic.o
 .debug_macro   0x0001d714      0x72e src/ASF/sam/boards/same70_xplained/init.o
 .debug_macro   0x0001de42       0x16 src/ASF/sam/boards/same70_xplained/init.o
 .debug_macro   0x0001de58       0x82 src/ASF/sam/boards/same70_xplained/init.o
 .debug_macro   0x0001deda      0x68c src/ASF/sam/drivers/pio/pio.o
 .debug_macro   0x0001e566       0x8e src/ASF/sam/drivers/pio/pio.o
 .debug_macro   0x0001e5f4      0x697 src/ASF/sam/drivers/pio/pio_handler.o
 .debug_macro   0x0001ec8b      0x68c src/ASF/sam/drivers/pmc/pmc.o
 .debug_macro   0x0001f317       0x6a src/ASF/sam/drivers/pmc/pmc.o
 .debug_macro   0x0001f381      0x6a6 src/ASF/sam/drivers/pmc/sleep.o
 .debug_macro   0x0001fa27      0x685 src/ASF/sam/utils/cmsis/same70/source/templates/gcc/startup_same70.o
 .debug_macro   0x000200ac       0x10 src/ASF/sam/utils/cmsis/same70/source/templates/gcc/startup_same70.o
 .debug_macro   0x000200bc      0x473 src/ASF/sam/utils/cmsis/same70/source/templates/system_same70.o
 .debug_macro   0x0002052f      0x1d6 src/ASF/sam/utils/syscalls/gcc/syscalls.o
 .debug_macro   0x00020705       0x97 src/ASF/sam/utils/syscalls/gcc/syscalls.o
 .debug_macro   0x0002079c       0xf6 src/ASF/sam/utils/syscalls/gcc/syscalls.o
 .debug_macro   0x00020892       0x4c src/ASF/sam/utils/syscalls/gcc/syscalls.o
 .debug_macro   0x000208de       0x16 src/ASF/sam/utils/syscalls/gcc/syscalls.o
 .debug_macro   0x000208f4       0x10 src/ASF/sam/utils/syscalls/gcc/syscalls.o
 .debug_macro   0x00020904       0x10 src/ASF/sam/utils/syscalls/gcc/syscalls.o
 .debug_macro   0x00020914       0x35 src/ASF/sam/utils/syscalls/gcc/syscalls.o
 .debug_macro   0x00020949      0x122 src/ASF/sam/utils/syscalls/gcc/syscalls.o

.debug_line     0x00000000     0xc4e1
 .debug_line    0x00000000      0xc16 src/ASF/sam/drivers/rtc/rtc.o
 .debug_line    0x00000c16      0xa9d src/ASF/sam/drivers/rtt/rtt.o
 .debug_line    0x000016b3      0xff8 src/main.o
 .debug_line    0x000026ab      0xdd7 src/ASF/common/services/spi/sam_spi/spi_master.o
 .debug_line    0x00003482     0x1216 src/ASF/sam/components/display/ili9488/ili9488.o
 .debug_line    0x00004698      0xcbe src/ASF/sam/drivers/spi/spi.o
 .debug_line    0x00005356      0xc89 src/ASF/common/services/clock/same70/sysclk.o
 .debug_line    0x00005fdf      0xa2a src/ASF/common/utils/interrupt/interrupt_sam_nvic.o
 .debug_line    0x00006a09      0xd9a src/ASF/sam/boards/same70_xplained/init.o
 .debug_line    0x000077a3      0xe39 src/ASF/sam/drivers/pio/pio.o
 .debug_line    0x000085dc      0xb3a src/ASF/sam/drivers/pio/pio_handler.o
 .debug_line    0x00009116     0x1116 src/ASF/sam/drivers/pmc/pmc.o
 .debug_line    0x0000a22c      0xb7b src/ASF/sam/drivers/pmc/sleep.o
 .debug_line    0x0000ada7      0xae2 src/ASF/sam/utils/cmsis/same70/source/templates/gcc/startup_same70.o
 .debug_line    0x0000b889      0x841 src/ASF/sam/utils/cmsis/same70/source/templates/system_same70.o
 .debug_line    0x0000c0ca      0x417 src/ASF/sam/utils/syscalls/gcc/syscalls.o

.debug_str      0x00000000    0x936e3
 .debug_str     0x00000000    0x88159 src/ASF/sam/drivers/rtc/rtc.o
                              0x8886e (size before relaxing)
 .debug_str     0x00088159      0x132 src/ASF/sam/drivers/rtt/rtt.o
                              0x88608 (size before relaxing)
 .debug_str     0x0008828b     0x7dff src/main.o
                              0x90537 (size before relaxing)
 .debug_str     0x0009008a      0x639 src/ASF/common/services/spi/sam_spi/spi_master.o
                              0x8cf3e (size before relaxing)
 .debug_str     0x000906c3      0x6af src/ASF/sam/components/display/ili9488/ili9488.o
                              0x8eb16 (size before relaxing)
 .debug_str     0x00090d72      0x1e6 src/ASF/sam/drivers/spi/spi.o
                              0x8cb4b (size before relaxing)
 .debug_str     0x00090f58      0x484 src/ASF/common/services/clock/same70/sysclk.o
                              0x8cc46 (size before relaxing)
 .debug_str     0x000913dc       0x94 src/ASF/common/utils/interrupt/interrupt_sam_nvic.o
                              0x88553 (size before relaxing)
 .debug_str     0x00091470      0x534 src/ASF/sam/boards/same70_xplained/init.o
                              0x8d705 (size before relaxing)
 .debug_str     0x000919a4      0x509 src/ASF/sam/drivers/pio/pio.o
                              0x890b5 (size before relaxing)
 .debug_str     0x00091ead       0xf1 src/ASF/sam/drivers/pio/pio_handler.o
                              0x8927c (size before relaxing)
 .debug_str     0x00091f9e      0x638 src/ASF/sam/drivers/pmc/pmc.o
                              0x89244 (size before relaxing)
 .debug_str     0x000925d6      0x15b src/ASF/sam/drivers/pmc/sleep.o
                              0x8c51b (size before relaxing)
 .debug_str     0x00092731      0x713 src/ASF/sam/utils/cmsis/same70/source/templates/gcc/startup_same70.o
                              0x88dec (size before relaxing)
 .debug_str     0x00092e44      0x137 src/ASF/sam/utils/cmsis/same70/source/templates/system_same70.o
                              0x7848c (size before relaxing)
 .debug_str     0x00092f7b      0x768 src/ASF/sam/utils/syscalls/gcc/syscalls.o
                               0x7471 (size before relaxing)

.debug_frame    0x00000000     0x3b38
 .debug_frame   0x00000000      0x330 src/ASF/sam/drivers/rtc/rtc.o
 .debug_frame   0x00000330      0x174 src/ASF/sam/drivers/rtt/rtt.o
 .debug_frame   0x000004a4      0x2c8 src/main.o
 .debug_frame   0x0000076c      0x3c0 src/ASF/common/services/spi/sam_spi/spi_master.o
 .debug_frame   0x00000b2c      0x63c src/ASF/sam/components/display/ili9488/ili9488.o
 .debug_frame   0x00001168      0x2c8 src/ASF/sam/drivers/spi/spi.o
 .debug_frame   0x00001430      0x240 src/ASF/common/services/clock/same70/sysclk.o
 .debug_frame   0x00001670       0x58 src/ASF/common/utils/interrupt/interrupt_sam_nvic.o
 .debug_frame   0x000016c8      0x178 src/ASF/sam/boards/same70_xplained/init.o
 .debug_frame   0x00001840      0x7c0 src/ASF/sam/drivers/pio/pio.o
 .debug_frame   0x00002000      0x1d0 src/ASF/sam/drivers/pio/pio_handler.o
 .debug_frame   0x000021d0      0xa68 src/ASF/sam/drivers/pmc/pmc.o
 .debug_frame   0x00002c38       0x7c src/ASF/sam/drivers/pmc/sleep.o
 .debug_frame   0x00002cb4       0xbc src/ASF/sam/utils/cmsis/same70/source/templates/gcc/startup_same70.o
 .debug_frame   0x00002d70       0x78 src/ASF/sam/utils/cmsis/same70/source/templates/system_same70.o
 .debug_frame   0x00002de8      0x164 src/ASF/sam/utils/syscalls/gcc/syscalls.o